Archive member included because of file (symbol)

C:\Program Files (x86)\VEX Robotics\VEXcode Pro V5\sdk/vexv5\libv5rt.a(v5_startup.c.obj)
                              (vexStartup)
C:\Program Files (x86)\VEX Robotics\VEXcode Pro V5\sdk/vexv5\libv5rt.a(v5_util.c.obj)
                              C:\Program Files (x86)\VEX Robotics\VEXcode Pro V5\sdk/vexv5\libv5rt.a(v5_startup.c.obj) (vexStdlibVersionLinked)
C:\Program Files (x86)\VEX Robotics\VEXcode Pro V5\sdk/vexv5\libv5rt.a(v5_apijump.c.obj)
                              C:\Program Files (x86)\VEX Robotics\VEXcode Pro V5\sdk/vexv5\libv5rt.a(v5_startup.c.obj) (vexPrivateApiEnable)
C:\Program Files (x86)\VEX Robotics\VEXcode Pro V5\sdk/vexv5\libv5rt.a(v5_apiversions.c.obj)
                              C:\Program Files (x86)\VEX Robotics\VEXcode Pro V5\sdk/vexv5\libv5rt.a(v5_apijump.c.obj) (vexSystemVersion)
C:\Program Files (x86)\VEX Robotics\VEXcode Pro V5\sdk/vexv5\libv5rt.a(vex_global.cpp.obj)
                              build/src/main.o (vex::wait(double, vex::timeUnits))
C:\Program Files (x86)\VEX Robotics\VEXcode Pro V5\sdk/vexv5\libv5rt.a(vex_motor.cpp.obj)
                              build/src/robot-config.o (vex::motor::~motor())
C:\Program Files (x86)\VEX Robotics\VEXcode Pro V5\sdk/vexv5\libv5rt.a(vex_imu.cpp.obj)
                              build/src/main.o (vex::inertial::setHeading(double, vex::rotationUnits))
C:\Program Files (x86)\VEX Robotics\VEXcode Pro V5\sdk/vexv5\libv5rt.a(vex_optical.cpp.obj)
                              build/src/robot-config.o (vex::optical::~optical())
C:\Program Files (x86)\VEX Robotics\VEXcode Pro V5\sdk/vexv5\libv5rt.a(vex_distance.cpp.obj)
                              build/src/robot-config.o (vex::distance::~distance())
C:\Program Files (x86)\VEX Robotics\VEXcode Pro V5\sdk/vexv5\libv5rt.a(vex_controller.cpp.obj)
                              build/src/robot-config.o (vex::controller::~controller())
C:\Program Files (x86)\VEX Robotics\VEXcode Pro V5\sdk/vexv5\libv5rt.a(vex_task.cpp.obj)
                              build/src/functions.o (vex::task::sleep(unsigned long))
C:\Program Files (x86)\VEX Robotics\VEXcode Pro V5\sdk/vexv5\libv5rt.a(vex_thread.cpp.obj)
                              build/src/main.o (vex::thread::thread(int (*)()))
C:\Program Files (x86)\VEX Robotics\VEXcode Pro V5\sdk/vexv5\libv5rt.a(vex_event.cpp.obj)
                              C:\Program Files (x86)\VEX Robotics\VEXcode Pro V5\sdk/vexv5\libv5rt.a(vex_imu.cpp.obj) (vex::event::init(unsigned long, unsigned long, void (*)()))
C:\Program Files (x86)\VEX Robotics\VEXcode Pro V5\sdk/vexv5\libv5rt.a(vex_mevent.cpp.obj)
                              C:\Program Files (x86)\VEX Robotics\VEXcode Pro V5\sdk/vexv5\libv5rt.a(vex_controller.cpp.obj) (vex::mevent::mevent(unsigned long, unsigned long))
C:\Program Files (x86)\VEX Robotics\VEXcode Pro V5\sdk/vexv5\libv5rt.a(vex_brain.cpp.obj)
                              build/src/main.o (vex::brain::lcd::setCursor(long, long))
C:\Program Files (x86)\VEX Robotics\VEXcode Pro V5\sdk/vexv5\libv5rt.a(vex_competition.cpp.obj)
                              build/src/main.o (vex::competition::competition())
C:\Program Files (x86)\VEX Robotics\VEXcode Pro V5\sdk/vexv5\libv5rt.a(vex_triport.cpp.obj)
                              build/src/robot-config.o (vex::triport::~triport())
C:\Program Files (x86)\VEX Robotics\VEXcode Pro V5\sdk/vexv5\libv5rt.a(vex_color.cpp.obj)
                              build/src/main.o (vex::color::~color())
C:\Program Files (x86)\VEX Robotics\VEXcode Pro V5\sdk/vexv5\libv5rt.a(vex_timer.cpp.obj)
                              build/src/functions.o (vex::timer::~timer())
C:\Program Files (x86)\VEX Robotics\VEXcode Pro V5\sdk/vexv5\libv5rt.a(vex_motorgroup.cpp.obj)
                              build/src/robot-config.o (vex::motor_group::motor_group())
C:\Program Files (x86)\VEX Robotics\VEXcode Pro V5\sdk/vexv5\libv5rt.a(v5_apiuser.c.obj)
                              C:\Program Files (x86)\VEX Robotics\VEXcode Pro V5\sdk/vexv5\libv5rt.a(vex_triport.cpp.obj) (vexAdiPortConfigSet)
C:\Program Files (x86)\VEX Robotics\VEXcode Pro V5\sdk/vexv5\libv5rt.a(vex_device.cpp.obj)
                              C:\Program Files (x86)\VEX Robotics\VEXcode Pro V5\sdk/vexv5\libv5rt.a(vex_motor.cpp.obj) (vex::device::~device())
C:\Program Files (x86)\VEX Robotics\VEXcode Pro V5\sdk/vexv5/gcc/libs\libc.a(lib_a-fini.o)
                              C:\Program Files (x86)\VEX Robotics\VEXcode Pro V5\sdk/vexv5\libv5rt.a(v5_startup.c.obj) (__libc_fini_array)
C:\Program Files (x86)\VEX Robotics\VEXcode Pro V5\sdk/vexv5/gcc/libs\libc.a(lib_a-impure.o)
                              C:\Program Files (x86)\VEX Robotics\VEXcode Pro V5\sdk/vexv5\libv5rt.a(v5_startup.c.obj) (_impure_ptr)
C:\Program Files (x86)\VEX Robotics\VEXcode Pro V5\sdk/vexv5/gcc/libs\libc.a(lib_a-init.o)
[...]
Memory Configuration

Name             Origin             Length             Attributes
ps7_ddr_0_S_AXI_BASEADDR 0x03800000         0x04800000
*default*        0x00000000         0xffffffff

Linker script and memory map

                0x00002000                _STACK_SIZE = DEFINED (_STACK_SIZE)?_STACK_SIZE:0x2000
                0x00100000                _HEAP_SIZE = DEFINED (_HEAP_SIZE)?_HEAP_SIZE:0x100000
                0x00000400                _ABORT_STACK_SIZE = DEFINED (_ABORT_STACK_SIZE)?_ABORT_STACK_SIZE:0x400
                0x00000800                _SUPERVISOR_STACK_SIZE = DEFINED (_SUPERVISOR_STACK_SIZE)?_SUPERVISOR_STACK_SIZE:0x800
                0x00000400                _IRQ_STACK_SIZE = DEFINED (_IRQ_STACK_SIZE)?_IRQ_STACK_SIZE:0x400
                0x00000400                _FIQ_STACK_SIZE = DEFINED (_FIQ_STACK_SIZE)?_FIQ_STACK_SIZE:0x400
                0x00000400                _UNDEF_STACK_SIZE = DEFINED (_UNDEF_STACK_SIZE)?_UNDEF_STACK_SIZE:0x400

.text           0x03800000     0x7d50
 *(.vectors)
 *(.boot_data)
 .boot_data     0x03800000       0x20 C:\Program Files (x86)\VEX Robotics\VEXcode Pro V5\sdk/vexv5\libv5rt.a(v5_startup.c.obj)
                0x03800000                vexCodeSig
                0x00000020                . = 0x20
 *(.boot)
 .boot          0x03800020       0xbc C:\Program Files (x86)\VEX Robotics\VEXcode Pro V5\sdk/vexv5\libv5rt.a(v5_startup.c.obj)
                0x03800020                vexStartup
                0x03800100                . = ALIGN (0x40)
 *fill*         0x038000dc       0x24 
 *(.freertos_vectors)
 *(.text)
 *(.text.*)
 .text._Z15getRightReadingv
                0x03800100       0x40 build/src/functions.o
                0x03800100                getRightReading()
 .text._Z14getLeftReadingv
                0x03800140       0x40 build/src/functions.o
                0x03800140                getLeftReading()
 .text._Z18resetTotalDistancev
                0x03800180       0x70 build/src/functions.o
                0x03800180                resetTotalDistance()
 .text._Z14getRotationDegv
                0x038001f0       0x28 build/src/functions.o
                0x038001f0                getRotationDeg()
 .text._Z14getRotationRadv
                0x03800218       0x40 build/src/functions.o
                0x03800218                getRotationRad()
 .text._Z11setLeftBased
                0x03800258       0x6c build/src/functions.o
                0x03800258                setLeftBase(double)
 .text._Z12setRightBased
                0x038002c4       0x6c build/src/functions.o
                0x038002c4                setRightBase(double)
 .text._Z8stopBasev
                0x03800330       0x58 build/src/functions.o
                0x03800330                stopBase()
 .text._Z12turnPIDCycledd
                0x03800388      0x198 build/src/functions.o
                0x03800388                turnPIDCycle(double, double)
 .text._Z7turnPIDddi
                0x03800520       0xa4 build/src/functions.o
                0x03800520                turnPID(double, double, int)
 .text._Z11forwardAxisv
                0x038005c4       0x60 build/src/main.o
                0x038005c4                forwardAxis()
 .text._Z11RollerMecchv
                0x03800624      0x274 build/src/main.o
                0x03800624                RollerMecch()
 .text._Z10botInDiscsv
                0x03800898       0x90 build/src/main.o
                0x03800898                botInDiscs()
 .text._Z2TRf   0x03800928      0x1f8 build/src/main.o
                0x03800928                TR(float)
 .text._Z2TLf   0x03800b20      0x1f0 build/src/main.o
                0x03800b20                TL(float)
 .text._Z2DFfi  0x03800d10      0x1d8 build/src/main.o
                0x03800d10                DF(float, int)
 .text._Z2DRf   0x03800ee8      0x228 build/src/main.o
                0x03800ee8                DR(float)
 .text._Z2SRf   0x03801110      0x1e8 build/src/main.o
                0x03801110                SR(float)
 .text._Z3STRf  0x038012f8      0x248 build/src/main.o
                0x038012f8                STR(float)
 .text._Z3STLf  0x03801540      0x250 build/src/main.o
                0x03801540                STL(float)
 .text._Z10RollerMechv
                0x03801790      0x204 build/src/main.o
                0x03801790                RollerMech()
 *fill*         0x03801994        0x4 
 .text._Z10shootdiscsii
                0x03801998      0x108 build/src/main.o
                0x03801998                shootdiscs(int, int)
 .text._Z15backgroundTasksv
                0x03801aa0       0x18 build/src/main.o
                0x03801aa0                backgroundTasks()
 .text._Z9pre_autonv
                0x03801ab8     0x1330 build/src/main.o
                0x03801ab8                pre_auton()
 .text._ZN3gui17thatthingyoupressC2Eii
                0x03802de8       0xb8 build/src/main.o
                0x03802de8                gui::thatthingyoupress::thatthingyoupress(int, int)
 .text._ZN3gui17thatthingyoupress7pressedEv
                0x03802ea0       0xa4 build/src/main.o
                0x03802ea0                gui::thatthingyoupress::pressed()
 *fill*         0x03802f44        0x4 
 .text._Z10autonomousv
                0x03802f48      0xb78 build/src/main.o
                0x03802f48                autonomous()
 .text._Z11usercontrolv
                0x03803ac0      0x668 build/src/main.o
                0x03803ac0                usercontrol()
 .text.main     0x03804128       0x34 build/src/main.o
                0x03804128                main
 .text._GLOBAL__sub_I_main.cpp
                0x0380415c       0x34 build/src/main.o
 .text._Z14setStartingPosff
                0x03804190       0x2c build/src/odom.o
                0x03804190                setStartingPos(float, float)
 *fill*         0x038041bc        0x4 
 .text._Z9angleWrapd
                0x038041c0       0x98 build/src/odom.o
                0x038041c0                angleWrap(double)
 .text._Z13getDegToPointdd
                0x03804258       0x5c build/src/odom.o
                0x03804258                getDegToPoint(double, double)
 *fill*         0x038042b4        0x4 
 .text._Z14updatePositionv
                0x038042b8      0x1c4 build/src/odom.o
                0x038042b8                updatePosition()
 .text._Z9setTargetdd
                0x0380447c       0x28 build/src/odom.o
                0x0380447c                setTarget(double, double)
 .text._Z12turnToTargetd
                0x038044a4      0x120 build/src/odom.o
                0x038044a4                turnToTarget(double)
 .text._Z11vexcodeInitv
                0x038045c4        0x4 build/src/robot-config.o
                0x038045c4                vexcodeInit()
 .text._GLOBAL__sub_I_robot_config.cpp
                0x038045c8      0x434 build/src/robot-config.o
 .text.vexMain  0x038049fc       0xb0 C:\Program Files (x86)\VEX Robotics\VEXcode Pro V5\sdk/vexv5\libv5rt.a(v5_startup.c.obj)
                0x038049fc                vexMain
 .text.__vex_function_prolog
                0x03804aac       0x18 C:\Program Files (x86)\VEX Robotics\VEXcode Pro V5\sdk/vexv5\libv5rt.a(v5_startup.c.obj)
                0x03804aac                __vex_function_prolog
 .text._init    0x03804ac4        0x4 C:\Program Files (x86)\VEX Robotics\VEXcode Pro V5\sdk/vexv5\libv5rt.a(v5_startup.c.obj)
                0x03804ac4                _init
 .text._fini    0x03804ac8        0x4 C:\Program Files (x86)\VEX Robotics\VEXcode Pro V5\sdk/vexv5\libv5rt.a(v5_startup.c.obj)
                0x03804ac8                _fini
 .text.vexStdlibVersionLinked
                0x03804acc        0xc C:\Program Files (x86)\VEX Robotics\VEXcode Pro V5\sdk/vexv5\libv5rt.a(v5_util.c.obj)
                0x03804acc                vexStdlibVersionLinked
 .text.vexStdlibVersionVerify
                0x03804ad8       0x30 C:\Program Files (x86)\VEX Robotics\VEXcode Pro V5\sdk/vexv5\libv5rt.a(v5_util.c.obj)
                0x03804ad8                vexStdlibVersionVerify
 .text.vexPrivateApiEnable
                0x03804b08       0x10 C:\Program Files (x86)\VEX Robotics\VEXcode Pro V5\sdk/vexv5\libv5rt.a(v5_apijump.c.obj)
                0x03804b08                vexPrivateApiEnable
 .text.vexStdlibMismatchError
                0x03804b18       0x3c C:\Program Files (x86)\VEX Robotics\VEXcode Pro V5\sdk/vexv5\libv5rt.a(v5_apijump.c.obj)
                0x03804b18                vexStdlibMismatchError
 .text.vexTaskAdd
                0x03804b54       0x10 C:\Program Files (x86)\VEX Robotics\VEXcode Pro V5\sdk/vexv5\libv5rt.a(v5_apijump.c.obj)
                0x03804b54                vexTaskAdd
 .text.vexTasksRun
                0x03804b64       0x10 C:\Program Files (x86)\VEX Robotics\VEXcode Pro V5\sdk/vexv5\libv5rt.a(v5_apijump.c.obj)
                0x03804b64                vexTasksRun
 .text.vexTaskYield
                0x03804b74       0x10 C:\Program Files (x86)\VEX Robotics\VEXcode Pro V5\sdk/vexv5\libv5rt.a(v5_apijump.c.obj)
                0x03804b74                vexTaskYield
 .text.vexTaskCheckTimeslice
                0x03804b84       0x10 C:\Program Files (x86)\VEX Robotics\VEXcode Pro V5\sdk/vexv5\libv5rt.a(v5_apijump.c.obj)
                0x03804b84                vexTaskCheckTimeslice
 .text.vexTaskSleep
                0x03804b94       0x10 C:\Program Files (x86)\VEX Robotics\VEXcode Pro V5\sdk/vexv5\libv5rt.a(v5_apijump.c.obj)
                0x03804b94                vexTaskSleep
 .text.vexTasksDump
                0x03804ba4       0x1c C:\Program Files (x86)\VEX Robotics\VEXcode Pro V5\sdk/vexv5\libv5rt.a(v5_apijump.c.obj)
                0x03804ba4                vexTasksDump
 .text.vexTaskGetTaskIndex
                0x03804bc0       0x10 C:\Program Files (x86)\VEX Robotics\VEXcode Pro V5\sdk/vexv5\libv5rt.a(v5_apijump.c.obj)
                0x03804bc0                vexTaskGetTaskIndex
 .text.vexTaskStopAll
                0x03804bd0       0x10 C:\Program Files (x86)\VEX Robotics\VEXcode Pro V5\sdk/vexv5\libv5rt.a(v5_apijump.c.obj)
                0x03804bd0                vexTaskStopAll
 .text.vexTaskRemoveAllUser
                0x03804be0       0x34 C:\Program Files (x86)\VEX Robotics\VEXcode Pro V5\sdk/vexv5\libv5rt.a(v5_apijump.c.obj)
                0x03804be0                vexTaskRemoveAllUser
 .text.vexTaskCompletionIdSet
                0x03804c14       0x10 C:\Program Files (x86)\VEX Robotics\VEXcode Pro V5\sdk/vexv5\libv5rt.a(v5_apijump.c.obj)
                0x03804c14                vexTaskCompletionIdSet
 .text.vexTaskStopWithId
                0x03804c24       0x10 C:\Program Files (x86)\VEX Robotics\VEXcode Pro V5\sdk/vexv5\libv5rt.a(v5_apijump.c.obj)
                0x03804c24                vexTaskStopWithId
 .text.vexCriticalSection
                0x03804c34       0x2c C:\Program Files (x86)\VEX Robotics\VEXcode Pro V5\sdk/vexv5\libv5rt.a(v5_apijump.c.obj)
                0x03804c34                vexCriticalSection
 .text.vexEventAdd
                0x03804c60       0x34 C:\Program Files (x86)\VEX Robotics\VEXcode Pro V5\sdk/vexv5\libv5rt.a(v5_apijump.c.obj)
                0x03804c60                vexEventAdd
 .text.vexEventUserIndexGet
                0x03804c94       0x1c C:\Program Files (x86)\VEX Robotics\VEXcode Pro V5\sdk/vexv5\libv5rt.a(v5_apijump.c.obj)
                0x03804c94                vexEventUserIndexGet
 .text.vexEventAddWithArg
                0x03804cb0       0x3c C:\Program Files (x86)\VEX Robotics\VEXcode Pro V5\sdk/vexv5\libv5rt.a(v5_apijump.c.obj)
                0x03804cb0                vexEventAddWithArg
 .text.vexEventsCleanup
                0x03804cec       0x2c C:\Program Files (x86)\VEX Robotics\VEXcode Pro V5\sdk/vexv5\libv5rt.a(v5_apijump.c.obj)
                0x03804cec                vexEventsCleanup
 .text.vexDebug
                0x03804d18       0x38 C:\Program Files (x86)\VEX Robotics\VEXcode Pro V5\sdk/vexv5\libv5rt.a(v5_apijump.c.obj)
                0x03804d18                vexDebug
 .text.vex_sprintf
                0x03804d50       0x40 C:\Program Files (x86)\VEX Robotics\VEXcode Pro V5\sdk/vexv5\libv5rt.a(v5_apijump.c.obj)
                0x03804d50                vex_sprintf
 .text.vex_vsnprintf
                0x03804d90       0x3c C:\Program Files (x86)\VEX Robotics\VEXcode Pro V5\sdk/vexv5\libv5rt.a(v5_apijump.c.obj)
                0x03804d90                vex_vsnprintf
 .text.vexSystemTimeGet
                0x03804dcc       0x1c C:\Program Files (x86)\VEX Robotics\VEXcode Pro V5\sdk/vexv5\libv5rt.a(v5_apijump.c.obj)
                0x03804dcc                vexSystemTimeGet
 .text.vexSystemExitRequest
                0x03804de8       0x1c C:\Program Files (x86)\VEX Robotics\VEXcode Pro V5\sdk/vexv5\libv5rt.a(v5_apijump.c.obj)
                0x03804de8                vexSystemExitRequest
 .text.vexDeviceGetByIndex
                0x03804e04       0x24 C:\Program Files (x86)\VEX Robotics\VEXcode Pro V5\sdk/vexv5\libv5rt.a(v5_apijump.c.obj)
                0x03804e04                vexDeviceGetByIndex
 .text.vexControllerGet
                0x03804e28       0x2c C:\Program Files (x86)\VEX Robotics\VEXcode Pro V5\sdk/vexv5\libv5rt.a(v5_apijump.c.obj)
                0x03804e28                vexControllerGet
 .text.vexControllerTextSet
                0x03804e54       0x74 C:\Program Files (x86)\VEX Robotics\VEXcode Pro V5\sdk/vexv5\libv5rt.a(v5_apijump.c.obj)
                0x03804e54                vexControllerTextSet
 .text.vexDeviceAdiPortConfigSet
                0x03804ec8       0x34 C:\Program Files (x86)\VEX Robotics\VEXcode Pro V5\sdk/vexv5\libv5rt.a(v5_apijump.c.obj)
                0x03804ec8                vexDeviceAdiPortConfigSet
 .text.vexDeviceAdiPortConfigGet
                0x03804efc       0x2c C:\Program Files (x86)\VEX Robotics\VEXcode Pro V5\sdk/vexv5\libv5rt.a(v5_apijump.c.obj)
                0x03804efc                vexDeviceAdiPortConfigGet
 .text.vexDeviceAdiValueSet
                0x03804f28       0x34 C:\Program Files (x86)\VEX Robotics\VEXcode Pro V5\sdk/vexv5\libv5rt.a(v5_apijump.c.obj)
                0x03804f28                vexDeviceAdiValueSet
 .text.vexDeviceAdiValueGet
                0x03804f5c       0x2c C:\Program Files (x86)\VEX Robotics\VEXcode Pro V5\sdk/vexv5\libv5rt.a(v5_apijump.c.obj)
                0x03804f5c                vexDeviceAdiValueGet
 .text.vexDeviceMotorVelocitySet
                0x03804f88       0x2c C:\Program Files (x86)\VEX Robotics\VEXcode Pro V5\sdk/vexv5\libv5rt.a(v5_apijump.c.obj)
                0x03804f88                vexDeviceMotorVelocitySet
 .text.vexDeviceMotorActualVelocityGet
                0x03804fb4       0x24 C:\Program Files (x86)\VEX Robotics\VEXcode Pro V5\sdk/vexv5\libv5rt.a(v5_apijump.c.obj)
                0x03804fb4                vexDeviceMotorActualVelocityGet
 .text.vexDeviceMotorTemperatureGet
                0x03804fd8       0x24 C:\Program Files (x86)\VEX Robotics\VEXcode Pro V5\sdk/vexv5\libv5rt.a(v5_apijump.c.obj)
                0x03804fd8                vexDeviceMotorTemperatureGet
 .text.vexDeviceMotorReverseFlagSet
                0x03804ffc       0x2c C:\Program Files (x86)\VEX Robotics\VEXcode Pro V5\sdk/vexv5\libv5rt.a(v5_apijump.c.obj)
                0x03804ffc                vexDeviceMotorReverseFlagSet
 .text.vexDeviceMotorEncoderUnitsSet
                0x03805028       0x2c C:\Program Files (x86)\VEX Robotics\VEXcode Pro V5\sdk/vexv5\libv5rt.a(v5_apijump.c.obj)
                0x03805028                vexDeviceMotorEncoderUnitsSet
 .text.vexDeviceMotorBrakeModeSet
                0x03805054       0x2c C:\Program Files (x86)\VEX Robotics\VEXcode Pro V5\sdk/vexv5\libv5rt.a(v5_apijump.c.obj)
                0x03805054                vexDeviceMotorBrakeModeSet
 .text.vexDeviceMotorPositionSet
                0x03805080       0x34 C:\Program Files (x86)\VEX Robotics\VEXcode Pro V5\sdk/vexv5\libv5rt.a(v5_apijump.c.obj)
                0x03805080                vexDeviceMotorPositionSet
 .text.vexDeviceMotorPositionGet
                0x038050b4       0x24 C:\Program Files (x86)\VEX Robotics\VEXcode Pro V5\sdk/vexv5\libv5rt.a(v5_apijump.c.obj)
                0x038050b4                vexDeviceMotorPositionGet
 .text.vexDeviceMotorGearingSet
                0x038050d8       0x2c C:\Program Files (x86)\VEX Robotics\VEXcode Pro V5\sdk/vexv5\libv5rt.a(v5_apijump.c.obj)
                0x038050d8                vexDeviceMotorGearingSet
 .text.vexDeviceMotorGearingGet
                0x03805104       0x24 C:\Program Files (x86)\VEX Robotics\VEXcode Pro V5\sdk/vexv5\libv5rt.a(v5_apijump.c.obj)
                0x03805104                vexDeviceMotorGearingGet
 .text.vexDeviceImuReset
                0x03805128       0x24 C:\Program Files (x86)\VEX Robotics\VEXcode Pro V5\sdk/vexv5\libv5rt.a(v5_apijump.c.obj)
                0x03805128                vexDeviceImuReset
 .text.vexDeviceImuHeadingGet
                0x0380514c       0x24 C:\Program Files (x86)\VEX Robotics\VEXcode Pro V5\sdk/vexv5\libv5rt.a(v5_apijump.c.obj)
                0x0380514c                vexDeviceImuHeadingGet
 .text.vexDeviceImuDegreesGet
                0x03805170       0x24 C:\Program Files (x86)\VEX Robotics\VEXcode Pro V5\sdk/vexv5\libv5rt.a(v5_apijump.c.obj)
                0x03805170                vexDeviceImuDegreesGet
 .text.vexDeviceImuStatusGet
                0x03805194       0x24 C:\Program Files (x86)\VEX Robotics\VEXcode Pro V5\sdk/vexv5\libv5rt.a(v5_apijump.c.obj)
                0x03805194                vexDeviceImuStatusGet
 .text.vexDeviceOpticalHueGet
                0x038051b8       0x24 C:\Program Files (x86)\VEX Robotics\VEXcode Pro V5\sdk/vexv5\libv5rt.a(v5_apijump.c.obj)
                0x038051b8                vexDeviceOpticalHueGet
 .text.vexDeviceOpticalGestureEnable
                0x038051dc       0x24 C:\Program Files (x86)\VEX Robotics\VEXcode Pro V5\sdk/vexv5\libv5rt.a(v5_apijump.c.obj)
                0x038051dc                vexDeviceOpticalGestureEnable
 .text.vexDeviceOpticalGestureDisable
                0x03805200       0x24 C:\Program Files (x86)\VEX Robotics\VEXcode Pro V5\sdk/vexv5\libv5rt.a(v5_apijump.c.obj)
                0x03805200                vexDeviceOpticalGestureDisable
 .text.vexDeviceOpticalProximityThreshold
                0x03805224       0x2c C:\Program Files (x86)\VEX Robotics\VEXcode Pro V5\sdk/vexv5\libv5rt.a(v5_apijump.c.obj)
                0x03805224                vexDeviceOpticalProximityThreshold
 .text.vexDeviceDistanceDistanceGet
                0x03805250       0x24 C:\Program Files (x86)\VEX Robotics\VEXcode Pro V5\sdk/vexv5\libv5rt.a(v5_apijump.c.obj)
                0x03805250                vexDeviceDistanceDistanceGet
 .text.vexDisplayForegroundColor
                0x03805274       0x24 C:\Program Files (x86)\VEX Robotics\VEXcode Pro V5\sdk/vexv5\libv5rt.a(v5_apijump.c.obj)
                0x03805274                vexDisplayForegroundColor
 .text.vexDisplayBackgroundColor
                0x03805298       0x24 C:\Program Files (x86)\VEX Robotics\VEXcode Pro V5\sdk/vexv5\libv5rt.a(v5_apijump.c.obj)
                0x03805298                vexDisplayBackgroundColor
 .text.vexDisplayRectDraw
                0x038052bc       0x4c C:\Program Files (x86)\VEX Robotics\VEXcode Pro V5\sdk/vexv5\libv5rt.a(v5_apijump.c.obj)
                0x038052bc                vexDisplayRectDraw
 .text.vexDisplayRectClear
                0x03805308       0x4c C:\Program Files (x86)\VEX Robotics\VEXcode Pro V5\sdk/vexv5\libv5rt.a(v5_apijump.c.obj)
                0x03805308                vexDisplayRectClear
 .text.vexDisplayVPrintf
                0x03805354       0x50 C:\Program Files (x86)\VEX Robotics\VEXcode Pro V5\sdk/vexv5\libv5rt.a(v5_apijump.c.obj)
                0x03805354                vexDisplayVPrintf
 .text.vexDisplayTextReference
                0x038053a4       0x24 C:\Program Files (x86)\VEX Robotics\VEXcode Pro V5\sdk/vexv5\libv5rt.a(v5_apijump.c.obj)
                0x038053a4                vexDisplayTextReference
 .text.vexDisplayTextSize
                0x038053c8       0x2c C:\Program Files (x86)\VEX Robotics\VEXcode Pro V5\sdk/vexv5\libv5rt.a(v5_apijump.c.obj)
                0x038053c8                vexDisplayTextSize
 .text.vexDisplayFontNamedSet
                0x038053f4       0x24 C:\Program Files (x86)\VEX Robotics\VEXcode Pro V5\sdk/vexv5\libv5rt.a(v5_apijump.c.obj)
                0x038053f4                vexDisplayFontNamedSet
 .text.vexDisplayStringWidthGet
                0x03805418       0x24 C:\Program Files (x86)\VEX Robotics\VEXcode Pro V5\sdk/vexv5\libv5rt.a(v5_apijump.c.obj)
                0x03805418                vexDisplayStringWidthGet
 .text.vexDisplayPenSizeSet
                0x0380543c       0x24 C:\Program Files (x86)\VEX Robotics\VEXcode Pro V5\sdk/vexv5\libv5rt.a(v5_apijump.c.obj)
                0x0380543c                vexDisplayPenSizeSet
 .text.vexDisplayPenSizeGet
                0x03805460       0x1c C:\Program Files (x86)\VEX Robotics\VEXcode Pro V5\sdk/vexv5\libv5rt.a(v5_apijump.c.obj)
                0x03805460                vexDisplayPenSizeGet
 .text.vexSystemStdlibImpureDataAddr
                0x0380547c       0x28 C:\Program Files (x86)\VEX Robotics\VEXcode Pro V5\sdk/vexv5\libv5rt.a(v5_apijump.c.obj)
                0x0380547c                vexSystemStdlibImpureDataAddr
 .text.vexSystemStdlibImpureDataSize
                0x038054a4       0x28 C:\Program Files (x86)\VEX Robotics\VEXcode Pro V5\sdk/vexv5\libv5rt.a(v5_apijump.c.obj)
                0x038054a4                vexSystemStdlibImpureDataSize
 .text.vexSystemSaveUserData
                0x038054cc       0x3c C:\Program Files (x86)\VEX Robotics\VEXcode Pro V5\sdk/vexv5\libv5rt.a(v5_apijump.c.obj)
                0x038054cc                vexSystemSaveUserData
 .text.vexTouchDataGet
                0x03805508       0x10 C:\Program Files (x86)\VEX Robotics\VEXcode Pro V5\sdk/vexv5\libv5rt.a(v5_apijump.c.obj)
                0x03805508                vexTouchDataGet
 .text.vexDisplayThemeIdGet
                0x03805518       0x38 C:\Program Files (x86)\VEX Robotics\VEXcode Pro V5\sdk/vexv5\libv5rt.a(v5_apijump.c.obj)
                0x03805518                vexDisplayThemeIdGet
 .text.vexDeviceEventMaskSet
                0x03805550       0x48 C:\Program Files (x86)\VEX Robotics\VEXcode Pro V5\sdk/vexv5\libv5rt.a(v5_apijump.c.obj)
                0x03805550                vexDeviceEventMaskSet
 .text.vexDeviceEventMaskGet
                0x03805598       0x3c C:\Program Files (x86)\VEX Robotics\VEXcode Pro V5\sdk/vexv5\libv5rt.a(v5_apijump.c.obj)
                0x03805598                vexDeviceEventMaskGet
 .text.vexSystemVersion
                0x038055d4       0x10 C:\Program Files (x86)\VEX Robotics\VEXcode Pro V5\sdk/vexv5\libv5rt.a(v5_apiversions.c.obj)
                0x038055d4                vexSystemVersion
 .text.vexStdlibVersion
                0x038055e4       0x10 C:\Program Files (x86)\VEX Robotics\VEXcode Pro V5\sdk/vexv5\libv5rt.a(v5_apiversions.c.obj)
                0x038055e4                vexStdlibVersion
 *fill*         0x038055f4        0x4 
 .text._ZN3vex4waitEdNS_9timeUnitsE
                0x038055f8       0x30 C:\Program Files (x86)\VEX Robotics\VEXcode Pro V5\sdk/vexv5\libv5rt.a(vex_global.cpp.obj)
                0x038055f8                vex::wait(double, vex::timeUnits)
 .text._ZN3vex5motorD2Ev
                0x03805628       0x20 C:\Program Files (x86)\VEX Robotics\VEXcode Pro V5\sdk/vexv5\libv5rt.a(vex_motor.cpp.obj)
                0x03805628                vex::motor::~motor()
                0x03805628                vex::motor::~motor()
 .text._ZN3vex5motorD0Ev
                0x03805648       0x1c C:\Program Files (x86)\VEX Robotics\VEXcode Pro V5\sdk/vexv5\libv5rt.a(vex_motor.cpp.obj)
                0x03805648                vex::motor::~motor()
 .text._ZN3vex5motor9installedEv
                0x03805664       0x18 C:\Program Files (x86)\VEX Robotics\VEXcode Pro V5\sdk/vexv5\libv5rt.a(vex_motor.cpp.obj)
                0x03805664                vex::motor::installed()
 .text._ZN3vex5motor15defaultStoppingENS_9brakeTypeE
                0x0380567c       0x30 C:\Program Files (x86)\VEX Robotics\VEXcode Pro V5\sdk/vexv5\libv5rt.a(vex_motor.cpp.obj)
                0x0380567c                vex::motor::defaultStopping(vex::brakeType)
 .text._ZN3vex5motor11setStoppingENS_9brakeTypeE
                0x038056ac        0x4 C:\Program Files (x86)\VEX Robotics\VEXcode Pro V5\sdk/vexv5\libv5rt.a(vex_motor.cpp.obj)
                0x038056ac                vex::motor::setStopping(vex::brakeType)
 .text._ZN3vex5motorC2El
                0x038056b0       0x78 C:\Program Files (x86)\VEX Robotics\VEXcode Pro V5\sdk/vexv5\libv5rt.a(vex_motor.cpp.obj)
                0x038056b0                vex::motor::motor(long)
                0x038056b0                vex::motor::motor(long)
 .text._ZN3vex5motorC2ElNS_11gearSettingEb
                0x03805728       0x34 C:\Program Files (x86)\VEX Robotics\VEXcode Pro V5\sdk/vexv5\libv5rt.a(vex_motor.cpp.obj)
                0x03805728                vex::motor::motor(long, vex::gearSetting, bool)
                0x03805728                vex::motor::motor(long, vex::gearSetting, bool)
 .text._ZN3vex5motor4stopENS_9brakeTypeE
                0x0380575c       0x30 C:\Program Files (x86)\VEX Robotics\VEXcode Pro V5\sdk/vexv5\libv5rt.a(vex_motor.cpp.obj)
                0x0380575c                vex::motor::stop(vex::brakeType)
 .text._ZN3vex5motor4stopEv
                0x0380578c        0x8 C:\Program Files (x86)\VEX Robotics\VEXcode Pro V5\sdk/vexv5\libv5rt.a(vex_motor.cpp.obj)
                0x0380578c                vex::motor::stop()
 *fill*         0x03805794        0x4 
 .text._ZN3vex5motor11temperatureENS_16temperatureUnitsE
                0x03805798       0x40 C:\Program Files (x86)\VEX Robotics\VEXcode Pro V5\sdk/vexv5\libv5rt.a(vex_motor.cpp.obj)
                0x03805798                vex::motor::temperature(vex::temperatureUnits)
 .text._ZN3vex5motor16velocityToScaledEdNS_13velocityUnitsE
                0x038057d8       0x5c C:\Program Files (x86)\VEX Robotics\VEXcode Pro V5\sdk/vexv5\libv5rt.a(vex_motor.cpp.obj)
                0x038057d8                vex::motor::velocityToScaled(double, vex::velocityUnits)
 .text._ZN3vex5motor8velocityENS_13velocityUnitsE
                0x03805834       0x30 C:\Program Files (x86)\VEX Robotics\VEXcode Pro V5\sdk/vexv5\libv5rt.a(vex_motor.cpp.obj)
                0x03805834                vex::motor::velocity(vex::velocityUnits)
 .text._ZN3vex5motor5valueEv
                0x03805864       0x1c C:\Program Files (x86)\VEX Robotics\VEXcode Pro V5\sdk/vexv5\libv5rt.a(vex_motor.cpp.obj)
                0x03805864                vex::motor::value()
 .text._ZN3vex5motor16scaledToVelocityEdNS_13velocityUnitsE
                0x03805880       0xa4 C:\Program Files (x86)\VEX Robotics\VEXcode Pro V5\sdk/vexv5\libv5rt.a(vex_motor.cpp.obj)
                0x03805880                vex::motor::scaledToVelocity(double, vex::velocityUnits)
 .text._ZN3vex5motor4spinENS_13directionTypeEdNS_13velocityUnitsE
                0x03805924       0x5c C:\Program Files (x86)\VEX Robotics\VEXcode Pro V5\sdk/vexv5\libv5rt.a(vex_motor.cpp.obj)
                0x03805924                vex::motor::spin(vex::directionType, double, vex::velocityUnits)
 .text._ZN3vex5motor4spinENS_13directionTypeE
                0x03805980       0x28 C:\Program Files (x86)\VEX Robotics\VEXcode Pro V5\sdk/vexv5\libv5rt.a(vex_motor.cpp.obj)
                0x03805980                vex::motor::spin(vex::directionType)
 .text._ZN3vex5motor11setVelocityEdNS_13velocityUnitsE
                0x038059a8       0x54 C:\Program Files (x86)\VEX Robotics\VEXcode Pro V5\sdk/vexv5\libv5rt.a(vex_motor.cpp.obj)
                0x038059a8                vex::motor::setVelocity(double, vex::velocityUnits)
 .text._ZN3vex5motor16setRotationUnitsENS_13rotationUnitsE
                0x038059fc       0x1c C:\Program Files (x86)\VEX Robotics\VEXcode Pro V5\sdk/vexv5\libv5rt.a(vex_motor.cpp.obj)
                0x038059fc                vex::motor::setRotationUnits(vex::rotationUnits)
 .text._ZN3vex5motor11setRotationEdNS_13rotationUnitsE
                0x03805a18       0x44 C:\Program Files (x86)\VEX Robotics\VEXcode Pro V5\sdk/vexv5\libv5rt.a(vex_motor.cpp.obj)
                0x03805a18                vex::motor::setRotation(double, vex::rotationUnits)
 .text._ZN3vex5motor13resetPositionEv
                0x03805a5c       0x20 C:\Program Files (x86)\VEX Robotics\VEXcode Pro V5\sdk/vexv5\libv5rt.a(vex_motor.cpp.obj)
                0x03805a5c                vex::motor::resetPosition()
 .text._ZN3vex5motor11setPositionEdNS_13rotationUnitsE
                0x03805a7c        0x4 C:\Program Files (x86)\VEX Robotics\VEXcode Pro V5\sdk/vexv5\libv5rt.a(vex_motor.cpp.obj)
                0x03805a7c                vex::motor::setPosition(double, vex::rotationUnits)
 .text._ZN3vex5motor8rotationENS_13rotationUnitsE
                0x03805a80       0x44 C:\Program Files (x86)\VEX Robotics\VEXcode Pro V5\sdk/vexv5\libv5rt.a(vex_motor.cpp.obj)
                0x03805a80                vex::motor::rotation(vex::rotationUnits)
 .text._ZN3vex5motor8positionENS_13rotationUnitsE
                0x03805ac4        0x4 C:\Program Files (x86)\VEX Robotics\VEXcode Pro V5\sdk/vexv5\libv5rt.a(vex_motor.cpp.obj)
                0x03805ac4                vex::motor::position(vex::rotationUnits)
 .text._ZN3vex8inertial11getTurnTypeEv
                0x03805ac8        0x8 C:\Program Files (x86)\VEX Robotics\VEXcode Pro V5\sdk/vexv5\libv5rt.a(vex_imu.cpp.obj)
                0x03805ac8                vex::inertial::getTurnType()
 .text._ZThn16_N3vex8inertial11getTurnTypeEv
                0x03805ad0        0x8 C:\Program Files (x86)\VEX Robotics\VEXcode Pro V5\sdk/vexv5\libv5rt.a(vex_imu.cpp.obj)
                0x03805ad0                non-virtual thunk to vex::inertial::getTurnType()
 .text._ZN3vex8inertial10setHeadingEdNS_13rotationUnitsE
                0x03805ad8       0x58 C:\Program Files (x86)\VEX Robotics\VEXcode Pro V5\sdk/vexv5\libv5rt.a(vex_imu.cpp.obj)
                0x03805ad8                vex::inertial::setHeading(double, vex::rotationUnits)
 .text._ZThn16_N3vex8inertial10setHeadingEdNS_13rotationUnitsE
                0x03805b30        0x8 C:\Program Files (x86)\VEX Robotics\VEXcode Pro V5\sdk/vexv5\libv5rt.a(vex_imu.cpp.obj)
                0x03805b30                non-virtual thunk to vex::inertial::setHeading(double, vex::rotationUnits)
 .text._ZN3vex8inertial11setRotationEdNS_13rotationUnitsE
                0x03805b38       0x58 C:\Program Files (x86)\VEX Robotics\VEXcode Pro V5\sdk/vexv5\libv5rt.a(vex_imu.cpp.obj)
                0x03805b38                vex::inertial::setRotation(double, vex::rotationUnits)
 .text._ZThn16_N3vex8inertial11setRotationEdNS_13rotationUnitsE
                0x03805b90        0x8 C:\Program Files (x86)\VEX Robotics\VEXcode Pro V5\sdk/vexv5\libv5rt.a(vex_imu.cpp.obj)
                0x03805b90                non-virtual thunk to vex::inertial::setRotation(double, vex::rotationUnits)
 .text._ZN3vex8inertialD2Ev
                0x03805b98       0x20 C:\Program Files (x86)\VEX Robotics\VEXcode Pro V5\sdk/vexv5\libv5rt.a(vex_imu.cpp.obj)
                0x03805b98                vex::inertial::~inertial()
                0x03805b98                vex::inertial::~inertial()
 .text._ZThn16_N3vex8inertialD1Ev
                0x03805bb8        0x8 C:\Program Files (x86)\VEX Robotics\VEXcode Pro V5\sdk/vexv5\libv5rt.a(vex_imu.cpp.obj)
                0x03805bb8                non-virtual thunk to vex::inertial::~inertial()
 .text._ZN3vex8inertialD0Ev
                0x03805bc0       0x1c C:\Program Files (x86)\VEX Robotics\VEXcode Pro V5\sdk/vexv5\libv5rt.a(vex_imu.cpp.obj)
                0x03805bc0                vex::inertial::~inertial()
 .text._ZThn16_N3vex8inertialD0Ev
                0x03805bdc        0x8 C:\Program Files (x86)\VEX Robotics\VEXcode Pro V5\sdk/vexv5\libv5rt.a(vex_imu.cpp.obj)
                0x03805bdc                non-virtual thunk to vex::inertial::~inertial()
 .text._ZN3vex8inertial9installedEv
                0x03805be4       0x18 C:\Program Files (x86)\VEX Robotics\VEXcode Pro V5\sdk/vexv5\libv5rt.a(vex_imu.cpp.obj)
                0x03805be4                vex::inertial::installed()
 .text._ZN3vex8inertial5angleENS_13rotationUnitsE
                0x03805bfc       0x6c C:\Program Files (x86)\VEX Robotics\VEXcode Pro V5\sdk/vexv5\libv5rt.a(vex_imu.cpp.obj)
                0x03805bfc                vex::inertial::angle(vex::rotationUnits)
 .text._ZThn16_N3vex8inertial5angleENS_13rotationUnitsE
                0x03805c68        0x8 C:\Program Files (x86)\VEX Robotics\VEXcode Pro V5\sdk/vexv5\libv5rt.a(vex_imu.cpp.obj)
                0x03805c68                non-virtual thunk to vex::inertial::angle(vex::rotationUnits)
 .text._ZN3vex8inertial7headingENS_13rotationUnitsE
                0x03805c70        0x4 C:\Program Files (x86)\VEX Robotics\VEXcode Pro V5\sdk/vexv5\libv5rt.a(vex_imu.cpp.obj)
                0x03805c70                vex::inertial::heading(vex::rotationUnits)
 .text._ZThn16_N3vex8inertial7headingENS_13rotationUnitsE
                0x03805c74        0x8 C:\Program Files (x86)\VEX Robotics\VEXcode Pro V5\sdk/vexv5\libv5rt.a(vex_imu.cpp.obj)
                0x03805c74                non-virtual thunk to vex::inertial::heading(vex::rotationUnits)
 .text._ZN3vex8inertial5valueEv
                0x03805c7c       0x1c C:\Program Files (x86)\VEX Robotics\VEXcode Pro V5\sdk/vexv5\libv5rt.a(vex_imu.cpp.obj)
                0x03805c7c                vex::inertial::value()
 .text._ZN3vex8inertial8rotationENS_13rotationUnitsE
                0x03805c98       0x48 C:\Program Files (x86)\VEX Robotics\VEXcode Pro V5\sdk/vexv5\libv5rt.a(vex_imu.cpp.obj)
                0x03805c98                vex::inertial::rotation(vex::rotationUnits)
 .text._ZThn16_N3vex8inertial8rotationENS_13rotationUnitsE
                0x03805ce0        0x8 C:\Program Files (x86)\VEX Robotics\VEXcode Pro V5\sdk/vexv5\libv5rt.a(vex_imu.cpp.obj)
                0x03805ce0                non-virtual thunk to vex::inertial::rotation(vex::rotationUnits)
 .text._ZN3vex8inertial13isCalibratingEv
                0x03805ce8       0x38 C:\Program Files (x86)\VEX Robotics\VEXcode Pro V5\sdk/vexv5\libv5rt.a(vex_imu.cpp.obj)
                0x03805ce8                vex::inertial::isCalibrating()
 .text._ZThn16_N3vex8inertial13isCalibratingEv
                0x03805d20        0x8 C:\Program Files (x86)\VEX Robotics\VEXcode Pro V5\sdk/vexv5\libv5rt.a(vex_imu.cpp.obj)
                0x03805d20                non-virtual thunk to vex::inertial::isCalibrating()
 .text._ZN3vex8inertialC2ElNS_8turnTypeE
                0x03805d28       0x4c C:\Program Files (x86)\VEX Robotics\VEXcode Pro V5\sdk/vexv5\libv5rt.a(vex_imu.cpp.obj)
                0x03805d28                vex::inertial::inertial(long, vex::turnType)
                0x03805d28                vex::inertial::inertial(long, vex::turnType)
 .text._ZN3vex8inertial13resetRotationEv
                0x03805d74       0x20 C:\Program Files (x86)\VEX Robotics\VEXcode Pro V5\sdk/vexv5\libv5rt.a(vex_imu.cpp.obj)
                0x03805d74                vex::inertial::resetRotation()
 .text._ZN3vex8inertial16startCalibrationEl
                0x03805d94       0x20 C:\Program Files (x86)\VEX Robotics\VEXcode Pro V5\sdk/vexv5\libv5rt.a(vex_imu.cpp.obj)
                0x03805d94                vex::inertial::startCalibration(long)
 .text._ZN3vex8inertial9calibrateEl
                0x03805db4        0xc C:\Program Files (x86)\VEX Robotics\VEXcode Pro V5\sdk/vexv5\libv5rt.a(vex_imu.cpp.obj)
                0x03805db4                vex::inertial::calibrate(long)
                0x03805db8                non-virtual thunk to vex::inertial::calibrate(long)
 .text._ZN3vex7opticalD2Ev
                0x03805dc0       0x20 C:\Program Files (x86)\VEX Robotics\VEXcode Pro V5\sdk/vexv5\libv5rt.a(vex_optical.cpp.obj)
                0x03805dc0                vex::optical::~optical()
                0x03805dc0                vex::optical::~optical()
 .text._ZN3vex7opticalD0Ev
                0x03805de0       0x1c C:\Program Files (x86)\VEX Robotics\VEXcode Pro V5\sdk/vexv5\libv5rt.a(vex_optical.cpp.obj)
                0x03805de0                vex::optical::~optical()
 .text._ZN3vex7optical9installedEv
                0x03805dfc       0x18 C:\Program Files (x86)\VEX Robotics\VEXcode Pro V5\sdk/vexv5\libv5rt.a(vex_optical.cpp.obj)
                0x03805dfc                vex::optical::installed()
 .text._ZN3vex7optical3hueEv
                0x03805e14        0x8 C:\Program Files (x86)\VEX Robotics\VEXcode Pro V5\sdk/vexv5\libv5rt.a(vex_optical.cpp.obj)
                0x03805e14                vex::optical::hue()
 .text._ZN3vex7optical5valueEv
                0x03805e1c       0x18 C:\Program Files (x86)\VEX Robotics\VEXcode Pro V5\sdk/vexv5\libv5rt.a(vex_optical.cpp.obj)
                0x03805e1c                vex::optical::value()
 .text._ZN3vex7optical5colorEv
                0x03805e34       0xd0 C:\Program Files (x86)\VEX Robotics\VEXcode Pro V5\sdk/vexv5\libv5rt.a(vex_optical.cpp.obj)
                0x03805e34                vex::optical::color()
 .text._ZN3vex7optical13gestureEnableEv
                0x03805f04        0x8 C:\Program Files (x86)\VEX Robotics\VEXcode Pro V5\sdk/vexv5\libv5rt.a(vex_optical.cpp.obj)
                0x03805f04                vex::optical::gestureEnable()
 .text._ZN3vex7optical14gestureDisableEv
                0x03805f0c        0x8 C:\Program Files (x86)\VEX Robotics\VEXcode Pro V5\sdk/vexv5\libv5rt.a(vex_optical.cpp.obj)
                0x03805f0c                vex::optical::gestureDisable()
 .text._ZN3vex7opticalC2Elb
                0x03805f14       0x54 C:\Program Files (x86)\VEX Robotics\VEXcode Pro V5\sdk/vexv5\libv5rt.a(vex_optical.cpp.obj)
                0x03805f14                vex::optical::optical(long, bool)
                0x03805f14                vex::optical::optical(long, bool)
 .text._ZN3vex8distanceD2Ev
                0x03805f68       0x20 C:\Program Files (x86)\VEX Robotics\VEXcode Pro V5\sdk/vexv5\libv5rt.a(vex_distance.cpp.obj)
                0x03805f68                vex::distance::~distance()
                0x03805f68                vex::distance::~distance()
 .text._ZN3vex8distanceD0Ev
                0x03805f88       0x1c C:\Program Files (x86)\VEX Robotics\VEXcode Pro V5\sdk/vexv5\libv5rt.a(vex_distance.cpp.obj)
                0x03805f88                vex::distance::~distance()
 .text._ZN3vex8distance9installedEv
                0x03805fa4       0x18 C:\Program Files (x86)\VEX Robotics\VEXcode Pro V5\sdk/vexv5\libv5rt.a(vex_distance.cpp.obj)
                0x03805fa4                vex::distance::installed()
 .text._ZN3vex8distance5valueEv
                0x03805fbc        0x8 C:\Program Files (x86)\VEX Robotics\VEXcode Pro V5\sdk/vexv5\libv5rt.a(vex_distance.cpp.obj)
                0x03805fbc                vex::distance::value()
 .text._ZN3vex8distanceC2El
                0x03805fc4       0x20 C:\Program Files (x86)\VEX Robotics\VEXcode Pro V5\sdk/vexv5\libv5rt.a(vex_distance.cpp.obj)
                0x03805fc4                vex::distance::distance(long)
                0x03805fc4                vex::distance::distance(long)
 *fill*         0x03805fe4        0x4 
 .text._ZN3vex8distance14objectDistanceENS_13distanceUnitsE
                0x03805fe8       0x48 C:\Program Files (x86)\VEX Robotics\VEXcode Pro V5\sdk/vexv5\libv5rt.a(vex_distance.cpp.obj)
                0x03805fe8                vex::distance::objectDistance(vex::distanceUnits)
 .text._ZN3vex10controllerD2Ev
                0x03806030        0x4 C:\Program Files (x86)\VEX Robotics\VEXcode Pro V5\sdk/vexv5\libv5rt.a(vex_controller.cpp.obj)
                0x03806030                vex::controller::~controller()
                0x03806030                vex::controller::~controller()
 .text._ZN3vex10controller5valueE19_V5_ControllerIndex
                0x03806034        0x8 C:\Program Files (x86)\VEX Robotics\VEXcode Pro V5\sdk/vexv5\libv5rt.a(vex_controller.cpp.obj)
                0x03806034                vex::controller::value(_V5_ControllerIndex)
 .text._ZNK3vex10controller6button8pressingEv
                0x0380603c       0xc8 C:\Program Files (x86)\VEX Robotics\VEXcode Pro V5\sdk/vexv5\libv5rt.a(vex_controller.cpp.obj)
                0x0380603c                vex::controller::button::pressing() const
 .text._ZNK3vex10controller6button21_buttonToPressedEventEv
                0x03806104       0x20 C:\Program Files (x86)\VEX Robotics\VEXcode Pro V5\sdk/vexv5\libv5rt.a(vex_controller.cpp.obj)
                0x03806104                vex::controller::button::_buttonToPressedEvent() const
 .text._ZNK3vex10controller6button22_buttonToReleasedEventEv
                0x03806124       0x20 C:\Program Files (x86)\VEX Robotics\VEXcode Pro V5\sdk/vexv5\libv5rt.a(vex_controller.cpp.obj)
                0x03806124                vex::controller::button::_buttonToReleasedEvent() const
 .text._ZN3vex10controller6buttonC2ENS0_11tButtonTypeEPS0_
                0x03806144       0x48 C:\Program Files (x86)\VEX Robotics\VEXcode Pro V5\sdk/vexv5\libv5rt.a(vex_controller.cpp.obj)
                0x03806144                vex::controller::button::button(vex::controller::tButtonType, vex::controller*)
                0x03806144                vex::controller::button::button(vex::controller::tButtonType, vex::controller*)
 .text._ZNK3vex10controller4axis5valueEv
                0x0380618c       0x58 C:\Program Files (x86)\VEX Robotics\VEXcode Pro V5\sdk/vexv5\libv5rt.a(vex_controller.cpp.obj)
                0x0380618c                vex::controller::axis::value() const
 .text._ZNK3vex10controller4axis8positionENS_12percentUnitsE
                0x038061e4       0x1c C:\Program Files (x86)\VEX Robotics\VEXcode Pro V5\sdk/vexv5\libv5rt.a(vex_controller.cpp.obj)
                0x038061e4                vex::controller::axis::position(vex::percentUnits) const
 .text._ZNK3vex10controller4axis23_joystickToChangedEventEv
                0x03806200       0x20 C:\Program Files (x86)\VEX Robotics\VEXcode Pro V5\sdk/vexv5\libv5rt.a(vex_controller.cpp.obj)
                0x03806200                vex::controller::axis::_joystickToChangedEvent() const
 .text._ZN3vex10controller4axisC2ENS0_9tAxisTypeEPS0_
                0x03806220       0x2c C:\Program Files (x86)\VEX Robotics\VEXcode Pro V5\sdk/vexv5\libv5rt.a(vex_controller.cpp.obj)
                0x03806220                vex::controller::axis::axis(vex::controller::tAxisType, vex::controller*)
                0x03806220                vex::controller::axis::axis(vex::controller::tAxisType, vex::controller*)
 .text._ZN3vex10controllerC2ENS_14controllerTypeE
                0x0380624c      0x16c C:\Program Files (x86)\VEX Robotics\VEXcode Pro V5\sdk/vexv5\libv5rt.a(vex_controller.cpp.obj)
                0x0380624c                vex::controller::controller(vex::controllerType)
                0x0380624c                vex::controller::controller(vex::controllerType)
 .text._ZN3vex10controller3lcd15getControllerIdEv
                0x038063b8       0x10 C:\Program Files (x86)\VEX Robotics\VEXcode Pro V5\sdk/vexv5\libv5rt.a(vex_controller.cpp.obj)
                0x038063b8                vex::controller::lcd::getControllerId()
 .text._ZN3vex10controller3lcd9setCursorEll
                0x038063c8       0x40 C:\Program Files (x86)\VEX Robotics\VEXcode Pro V5\sdk/vexv5\libv5rt.a(vex_controller.cpp.obj)
                0x038063c8                vex::controller::lcd::setCursor(long, long)
 .text._ZN3vex10controller3lcd5printEPKcz
                0x03806408       0x80 C:\Program Files (x86)\VEX Robotics\VEXcode Pro V5\sdk/vexv5\libv5rt.a(vex_controller.cpp.obj)
                0x03806408                vex::controller::lcd::print(char const*, ...)
 .text._ZN3vex10controller3lcd9clearLineEi
                0x03806488       0x80 C:\Program Files (x86)\VEX Robotics\VEXcode Pro V5\sdk/vexv5\libv5rt.a(vex_controller.cpp.obj)
                0x03806488                vex::controller::lcd::clearLine(int)
 .text._ZN3vex10controller3lcd11clearScreenEv
                0x03806508       0x5c C:\Program Files (x86)\VEX Robotics\VEXcode Pro V5\sdk/vexv5\libv5rt.a(vex_controller.cpp.obj)
                0x03806508                vex::controller::lcd::clearScreen()
 .text._ZN3vex4taskC2EPFivE
                0x03806564       0x5c C:\Program Files (x86)\VEX Robotics\VEXcode Pro V5\sdk/vexv5\libv5rt.a(vex_task.cpp.obj)
                0x03806564                vex::task::task(int (*)())
                0x03806564                vex::task::task(int (*)())
 .text._ZN3vex4taskD2Ev
                0x038065c0        0x4 C:\Program Files (x86)\VEX Robotics\VEXcode Pro V5\sdk/vexv5\libv5rt.a(vex_task.cpp.obj)
                0x038065c0                vex::task::~task()
                0x038065c0                vex::task::~task()
 .text._ZN3vex4task4stopEPvi
                0x038065c4       0x1c C:\Program Files (x86)\VEX Robotics\VEXcode Pro V5\sdk/vexv5\libv5rt.a(vex_task.cpp.obj)
                0x038065c4                vex::task::stop(void*, int)
 .text._ZN3vex4task5sleepEm
                0x038065e0        0x4 C:\Program Files (x86)\VEX Robotics\VEXcode Pro V5\sdk/vexv5\libv5rt.a(vex_task.cpp.obj)
                0x038065e0                vex::task::sleep(unsigned long)
 .text._ZN3vex4task6_indexEPFivE
                0x038065e4       0x14 C:\Program Files (x86)\VEX Robotics\VEXcode Pro V5\sdk/vexv5\libv5rt.a(vex_task.cpp.obj)
                0x038065e4                vex::task::_index(int (*)())
 .text._ZN3vex4task8_stopAllEv
                0x038065f8       0x3c C:\Program Files (x86)\VEX Robotics\VEXcode Pro V5\sdk/vexv5\libv5rt.a(vex_task.cpp.obj)
                0x038065f8                vex::task::_stopAll()
 .text._ZN3vex6threadC2EPFivE
                0x03806634       0x5c C:\Program Files (x86)\VEX Robotics\VEXcode Pro V5\sdk/vexv5\libv5rt.a(vex_thread.cpp.obj)
                0x03806634                vex::thread::thread(int (*)())
                0x03806634                vex::thread::thread(int (*)())
 .text._ZN3vex6threadD2Ev
                0x03806690        0x4 C:\Program Files (x86)\VEX Robotics\VEXcode Pro V5\sdk/vexv5\libv5rt.a(vex_thread.cpp.obj)
                0x03806690                vex::thread::~thread()
                0x03806690                vex::thread::~thread()
 .text._ZN3vex11this_thread9sleep_forEm
                0x03806694        0x4 C:\Program Files (x86)\VEX Robotics\VEXcode Pro V5\sdk/vexv5\libv5rt.a(vex_thread.cpp.obj)
                0x03806694                vex::this_thread::sleep_for(unsigned long)
 .text._ZN3vex5event4initEmmPFvvE
                0x03806698        0x4 C:\Program Files (x86)\VEX Robotics\VEXcode Pro V5\sdk/vexv5\libv5rt.a(vex_event.cpp.obj)
                0x03806698                vex::event::init(unsigned long, unsigned long, void (*)())
 .text._ZN3vex5event4initEmmPFvPvES1_
                0x0380669c        0x4 C:\Program Files (x86)\VEX Robotics\VEXcode Pro V5\sdk/vexv5\libv5rt.a(vex_event.cpp.obj)
                0x0380669c                vex::event::init(unsigned long, unsigned long, void (*)(void*), void*)
 .text._ZN3vex5event9userindexEv
                0x038066a0        0x4 C:\Program Files (x86)\VEX Robotics\VEXcode Pro V5\sdk/vexv5\libv5rt.a(vex_event.cpp.obj)
                0x038066a0                vex::event::userindex()
 .text._ZZN3vex6meventC4EmmENUlvE_4_FUNEv
                0x038066a4        0x4 C:\Program Files (x86)\VEX Robotics\VEXcode Pro V5\sdk/vexv5\libv5rt.a(vex_mevent.cpp.obj)
 .text._ZN3vex6meventC2Emm
                0x038066a8       0x70 C:\Program Files (x86)\VEX Robotics\VEXcode Pro V5\sdk/vexv5\libv5rt.a(vex_mevent.cpp.obj)
                0x038066a8                vex::mevent::mevent(unsigned long, unsigned long)
                0x038066a8                vex::mevent::mevent(unsigned long, unsigned long)
 .text._ZN3vex5brain9_getIndexEv
                0x03806718       0x10 C:\Program Files (x86)\VEX Robotics\VEXcode Pro V5\sdk/vexv5\libv5rt.a(vex_brain.cpp.obj)
                0x03806718                vex::brain::_getIndex()
 .text._ZN3vex5brain3lcd9setCursorEll
                0x03806728       0x44 C:\Program Files (x86)\VEX Robotics\VEXcode Pro V5\sdk/vexv5\libv5rt.a(vex_brain.cpp.obj)
                0x03806728                vex::brain::lcd::setCursor(long, long)
 .text._ZN3vex5brain3lcd7setFontENS_8fontTypeE
                0x0380676c      0x23c C:\Program Files (x86)\VEX Robotics\VEXcode Pro V5\sdk/vexv5\libv5rt.a(vex_brain.cpp.obj)
                0x0380676c                vex::brain::lcd::setFont(vex::fontType)
 .text._ZN3vex5brain3lcdC2Ev
                0x038069a8       0x94 C:\Program Files (x86)\VEX Robotics\VEXcode Pro V5\sdk/vexv5\libv5rt.a(vex_brain.cpp.obj)
                0x038069a8                vex::brain::lcd::lcd()
                0x038069a8                vex::brain::lcd::lcd()
 .text._ZN3vex5brainC2Ev
                0x03806a3c       0x3c C:\Program Files (x86)\VEX Robotics\VEXcode Pro V5\sdk/vexv5\libv5rt.a(vex_brain.cpp.obj)
                0x03806a3c                vex::brain::brain()
                0x03806a3c                vex::brain::brain()
 .text._ZN3vex5brain3lcd11setPenWidthEm
                0x03806a78       0x24 C:\Program Files (x86)\VEX Robotics\VEXcode Pro V5\sdk/vexv5\libv5rt.a(vex_brain.cpp.obj)
                0x03806a78                vex::brain::lcd::setPenWidth(unsigned long)
 .text._ZN3vex5brain3lcd11setPenColorERKNS_5colorE
                0x03806a9c       0x14 C:\Program Files (x86)\VEX Robotics\VEXcode Pro V5\sdk/vexv5\libv5rt.a(vex_brain.cpp.obj)
                0x03806a9c                vex::brain::lcd::setPenColor(vex::color const&)
 .text._ZN3vex5brain3lcd12setFillColorERKNS_5colorE
                0x03806ab0       0x38 C:\Program Files (x86)\VEX Robotics\VEXcode Pro V5\sdk/vexv5\libv5rt.a(vex_brain.cpp.obj)
                0x03806ab0                vex::brain::lcd::setFillColor(vex::color const&)
 .text._ZN3vex5brain3lcd7printAtEllPKcz
                0x03806ae8       0x54 C:\Program Files (x86)\VEX Robotics\VEXcode Pro V5\sdk/vexv5\libv5rt.a(vex_brain.cpp.obj)
                0x03806ae8                vex::brain::lcd::printAt(long, long, char const*, ...)
 .text._ZN3vex5brain3lcd13drawRectangleEiiii
                0x03806b3c       0xdc C:\Program Files (x86)\VEX Robotics\VEXcode Pro V5\sdk/vexv5\libv5rt.a(vex_brain.cpp.obj)
                0x03806b3c                vex::brain::lcd::drawRectangle(int, int, int, int)
 .text._ZN3vex5brain3lcd9xPositionEv
                0x03806c18       0x24 C:\Program Files (x86)\VEX Robotics\VEXcode Pro V5\sdk/vexv5\libv5rt.a(vex_brain.cpp.obj)
                0x03806c18                vex::brain::lcd::xPosition()
 .text._ZN3vex5brain3lcd9yPositionEv
                0x03806c3c       0x24 C:\Program Files (x86)\VEX Robotics\VEXcode Pro V5\sdk/vexv5\libv5rt.a(vex_brain.cpp.obj)
                0x03806c3c                vex::brain::lcd::yPosition()
 .text._ZN3vex5brain3lcd8pressingEv
                0x03806c60       0x20 C:\Program Files (x86)\VEX Robotics\VEXcode Pro V5\sdk/vexv5\libv5rt.a(vex_brain.cpp.obj)
                0x03806c60                vex::brain::lcd::pressing()
 .text._ZN3vex5brain3lcd10rowToPixelEl
                0x03806c80       0x34 C:\Program Files (x86)\VEX Robotics\VEXcode Pro V5\sdk/vexv5\libv5rt.a(vex_brain.cpp.obj)
                0x03806c80                vex::brain::lcd::rowToPixel(long)
 .text._ZN3vex5brain3lcd5printEPKcz
                0x03806cb4       0xb8 C:\Program Files (x86)\VEX Robotics\VEXcode Pro V5\sdk/vexv5\libv5rt.a(vex_brain.cpp.obj)
                0x03806cb4                vex::brain::lcd::print(char const*, ...)
 .text._ZN3vex5brainD2Ev
                0x03806d6c       0x20 C:\Program Files (x86)\VEX Robotics\VEXcode Pro V5\sdk/vexv5\libv5rt.a(vex_brain.cpp.obj)
                0x03806d6c                vex::brain::~brain()
                0x03806d6c                vex::brain::~brain()
 .text._ZN3vex11competition8_disableEPv
                0x03806d8c       0xa4 C:\Program Files (x86)\VEX Robotics\VEXcode Pro V5\sdk/vexv5\libv5rt.a(vex_competition.cpp.obj)
                0x03806d8c                vex::competition::_disable(void*)
 .text._ZN3vex11competition11_autonomousEv
                0x03806e30       0x80 C:\Program Files (x86)\VEX Robotics\VEXcode Pro V5\sdk/vexv5\libv5rt.a(vex_competition.cpp.obj)
                0x03806e30                vex::competition::_autonomous()
 .text._ZN3vex11competition14_drivercontrolEv
                0x03806eb0       0x80 C:\Program Files (x86)\VEX Robotics\VEXcode Pro V5\sdk/vexv5\libv5rt.a(vex_competition.cpp.obj)
                0x03806eb0                vex::competition::_drivercontrol()
 .text._ZN3vex11competitionC2Ev
                0x03806f30      0x13c C:\Program Files (x86)\VEX Robotics\VEXcode Pro V5\sdk/vexv5\libv5rt.a(vex_competition.cpp.obj)
                0x03806f30                vex::competition::competition()
                0x03806f30                vex::competition::competition()
 .text._ZN3vex11competitionD2Ev
                0x0380706c        0x4 C:\Program Files (x86)\VEX Robotics\VEXcode Pro V5\sdk/vexv5\libv5rt.a(vex_competition.cpp.obj)
                0x0380706c                vex::competition::~competition()
                0x0380706c                vex::competition::~competition()
 .text._ZN3vex11competition10autonomousEPFvvE
                0x03807070       0x44 C:\Program Files (x86)\VEX Robotics\VEXcode Pro V5\sdk/vexv5\libv5rt.a(vex_competition.cpp.obj)
                0x03807070                vex::competition::autonomous(void (*)())
 .text._ZN3vex11competition13drivercontrolEPFvvE
                0x038070b4       0x44 C:\Program Files (x86)\VEX Robotics\VEXcode Pro V5\sdk/vexv5\libv5rt.a(vex_competition.cpp.obj)
                0x038070b4                vex::competition::drivercontrol(void (*)())
 .text._ZN3vex7triportD2Ev
                0x038070f8       0x38 C:\Program Files (x86)\VEX Robotics\VEXcode Pro V5\sdk/vexv5\libv5rt.a(vex_triport.cpp.obj)
                0x038070f8                vex::triport::~triport()
                0x038070f8                vex::triport::~triport()
 .text._ZN3vex7triportD0Ev
                0x03807130       0x1c C:\Program Files (x86)\VEX Robotics\VEXcode Pro V5\sdk/vexv5\libv5rt.a(vex_triport.cpp.obj)
                0x03807130                vex::triport::~triport()
 .text._ZN3vex7triport9installedEv
                0x0380714c       0x18 C:\Program Files (x86)\VEX Robotics\VEXcode Pro V5\sdk/vexv5\libv5rt.a(vex_triport.cpp.obj)
                0x0380714c                vex::triport::installed()
 .text._ZN3vex7triport4portC2ElPS0_
                0x03807164       0x74 C:\Program Files (x86)\VEX Robotics\VEXcode Pro V5\sdk/vexv5\libv5rt.a(vex_triport.cpp.obj)
                0x03807164                vex::triport::port::port(long, vex::triport*)
                0x03807164                vex::triport::port::port(long, vex::triport*)
 .text._ZN3vex7triportC2El
                0x038071d8       0xf0 C:\Program Files (x86)\VEX Robotics\VEXcode Pro V5\sdk/vexv5\libv5rt.a(vex_triport.cpp.obj)
                0x038071d8                vex::triport::triport(long)
                0x038071d8                vex::triport::triport(long)
 .text._ZN3vex7triport4port4typeENS_11triportTypeE
                0x038072c8       0x30 C:\Program Files (x86)\VEX Robotics\VEXcode Pro V5\sdk/vexv5\libv5rt.a(vex_triport.cpp.obj)
                0x038072c8                vex::triport::port::type(vex::triportType)
 .text._ZN3vex7triport4port4typeEv
                0x038072f8       0x38 C:\Program Files (x86)\VEX Robotics\VEXcode Pro V5\sdk/vexv5\libv5rt.a(vex_triport.cpp.obj)
                0x038072f8                vex::triport::port::type()
 .text._ZN3vex7triport4port5valueEv
                0x03807330       0x14 C:\Program Files (x86)\VEX Robotics\VEXcode Pro V5\sdk/vexv5\libv5rt.a(vex_triport.cpp.obj)
                0x03807330                vex::triport::port::value()
 .text._ZN3vex7triport4port5valueEl
                0x03807344       0x18 C:\Program Files (x86)\VEX Robotics\VEXcode Pro V5\sdk/vexv5\libv5rt.a(vex_triport.cpp.obj)
                0x03807344                vex::triport::port::value(long)
 *fill*         0x0380735c        0x4 
 .text._ZN3vex7triport4port11setRotationEdNS_13rotationUnitsE
                0x03807360       0x50 C:\Program Files (x86)\VEX Robotics\VEXcode Pro V5\sdk/vexv5\libv5rt.a(vex_triport.cpp.obj)
                0x03807360                vex::triport::port::setRotation(double, vex::rotationUnits)
 .text._ZN3vex7triport4port8rotationENS_13rotationUnitsE
                0x038073b0       0x40 C:\Program Files (x86)\VEX Robotics\VEXcode Pro V5\sdk/vexv5\libv5rt.a(vex_triport.cpp.obj)
                0x038073b0                vex::triport::port::rotation(vex::rotationUnits)
 .text._ZN3vex11__trideviceC2ERNS_7triport4portENS_11triportTypeE
                0x038073f0       0x5c C:\Program Files (x86)\VEX Robotics\VEXcode Pro V5\sdk/vexv5\libv5rt.a(vex_triport.cpp.obj)
                0x038073f0                vex::__tridevice::__tridevice(vex::triport::port&, vex::triportType)
                0x038073f0                vex::__tridevice::__tridevice(vex::triport::port&, vex::triportType)
 .text._ZN3vex11digital_outC2ERNS_7triport4portE
                0x0380744c       0x18 C:\Program Files (x86)\VEX Robotics\VEXcode Pro V5\sdk/vexv5\libv5rt.a(vex_triport.cpp.obj)
                0x0380744c                vex::digital_out::digital_out(vex::triport::port&)
                0x0380744c                vex::digital_out::digital_out(vex::triport::port&)
 .text._ZN3vex11digital_outD2Ev
                0x03807464        0x4 C:\Program Files (x86)\VEX Robotics\VEXcode Pro V5\sdk/vexv5\libv5rt.a(vex_triport.cpp.obj)
                0x03807464                vex::digital_out::~digital_out()
                0x03807464                vex::digital_out::~digital_out()
 .text._ZN3vex11digital_out3setEb
                0x03807468        0x8 C:\Program Files (x86)\VEX Robotics\VEXcode Pro V5\sdk/vexv5\libv5rt.a(vex_triport.cpp.obj)
                0x03807468                vex::digital_out::set(bool)
 .text._ZN3vex11digital_outaSEl
                0x03807470        0xc C:\Program Files (x86)\VEX Robotics\VEXcode Pro V5\sdk/vexv5\libv5rt.a(vex_triport.cpp.obj)
                0x03807470                vex::digital_out::operator=(long)
 .text._ZN3vex7encoderC2ERNS_7triport4portE
                0x0380747c       0x20 C:\Program Files (x86)\VEX Robotics\VEXcode Pro V5\sdk/vexv5\libv5rt.a(vex_triport.cpp.obj)
                0x0380747c                vex::encoder::encoder(vex::triport::port&)
                0x0380747c                vex::encoder::encoder(vex::triport::port&)
 .text._ZN3vex7encoderD2Ev
                0x0380749c        0x4 C:\Program Files (x86)\VEX Robotics\VEXcode Pro V5\sdk/vexv5\libv5rt.a(vex_triport.cpp.obj)
                0x0380749c                vex::encoder::~encoder()
                0x0380749c                vex::encoder::~encoder()
 .text._ZN3vex7encoder11setPositionEdNS_13rotationUnitsE
                0x038074a0        0x8 C:\Program Files (x86)\VEX Robotics\VEXcode Pro V5\sdk/vexv5\libv5rt.a(vex_triport.cpp.obj)
                0x038074a0                vex::encoder::setPosition(double, vex::rotationUnits)
 .text._ZN3vex7encoder8rotationENS_13rotationUnitsE
                0x038074a8        0x8 C:\Program Files (x86)\VEX Robotics\VEXcode Pro V5\sdk/vexv5\libv5rt.a(vex_triport.cpp.obj)
                0x038074a8                vex::encoder::rotation(vex::rotationUnits)
 .text._ZN3vex7encoder8positionENS_13rotationUnitsE
                0x038074b0        0x8 C:\Program Files (x86)\VEX Robotics\VEXcode Pro V5\sdk/vexv5\libv5rt.a(vex_triport.cpp.obj)
                0x038074b0                vex::encoder::position(vex::rotationUnits)
 .text._ZN3vex5colorD2Ev
                0x038074b8        0x4 C:\Program Files (x86)\VEX Robotics\VEXcode Pro V5\sdk/vexv5\libv5rt.a(vex_color.cpp.obj)
                0x038074b8                vex::color::~color()
                0x038074b8                vex::color::~color()
 .text._ZN3vex5colorC2Ev
                0x038074bc       0x10 C:\Program Files (x86)\VEX Robotics\VEXcode Pro V5\sdk/vexv5\libv5rt.a(vex_color.cpp.obj)
                0x038074bc                vex::color::color()
                0x038074bc                vex::color::color()
 .text._ZNK3vex5colorcvmEv
                0x038074cc        0x8 C:\Program Files (x86)\VEX Robotics\VEXcode Pro V5\sdk/vexv5\libv5rt.a(vex_color.cpp.obj)
                0x038074cc                vex::color::operator unsigned long() const
 .text._ZNK3vex5color13isTransparentEv
                0x038074d4        0x8 C:\Program Files (x86)\VEX Robotics\VEXcode Pro V5\sdk/vexv5\libv5rt.a(vex_color.cpp.obj)
                0x038074d4                vex::color::isTransparent() const
 *fill*         0x038074dc        0x4 
 .text._ZN3vex5color3hsvEmdd
                0x038074e0      0x13c C:\Program Files (x86)\VEX Robotics\VEXcode Pro V5\sdk/vexv5\libv5rt.a(vex_color.cpp.obj)
                0x038074e0                vex::color::hsv(unsigned long, double, double)
 .text.startup._GLOBAL__sub_I__ZN3vex5color5blackE
                0x0380761c      0x164 C:\Program Files (x86)\VEX Robotics\VEXcode Pro V5\sdk/vexv5\libv5rt.a(vex_color.cpp.obj)
 .text._ZN3vex5timerD2Ev
                0x03807780        0x4 C:\Program Files (x86)\VEX Robotics\VEXcode Pro V5\sdk/vexv5\libv5rt.a(vex_timer.cpp.obj)
                0x03807780                vex::timer::~timer()
                0x03807780                vex::timer::~timer()
 .text._ZN3vex5timer5clearEv
                0x03807784       0x1c C:\Program Files (x86)\VEX Robotics\VEXcode Pro V5\sdk/vexv5\libv5rt.a(vex_timer.cpp.obj)
                0x03807784                vex::timer::clear()
 .text._ZN3vex5timerC2Ev
                0x038077a0       0x14 C:\Program Files (x86)\VEX Robotics\VEXcode Pro V5\sdk/vexv5\libv5rt.a(vex_timer.cpp.obj)
                0x038077a0                vex::timer::timer()
                0x038077a0                vex::timer::timer()
 .text._ZN3vex5timer5resetEv
                0x038077b4        0x4 C:\Program Files (x86)\VEX Robotics\VEXcode Pro V5\sdk/vexv5\libv5rt.a(vex_timer.cpp.obj)
                0x038077b4                vex::timer::reset()
 .text._ZNK3vex5timer4timeEv
                0x038077b8       0x1c C:\Program Files (x86)\VEX Robotics\VEXcode Pro V5\sdk/vexv5\libv5rt.a(vex_timer.cpp.obj)
                0x038077b8                vex::timer::time() const
 .text._ZN3vex11motor_group18motor_group_motorsC2Ev
                0x038077d4       0x28 C:\Program Files (x86)\VEX Robotics\VEXcode Pro V5\sdk/vexv5\libv5rt.a(vex_motorgroup.cpp.obj)
                0x038077d4                vex::motor_group::motor_group_motors::motor_group_motors()
                0x038077d4                vex::motor_group::motor_group_motors::motor_group_motors()
 .text._ZN3vex11motor_groupC2Ev
                0x038077fc       0x1c C:\Program Files (x86)\VEX Robotics\VEXcode Pro V5\sdk/vexv5\libv5rt.a(vex_motorgroup.cpp.obj)
                0x038077fc                vex::motor_group::motor_group()
                0x038077fc                vex::motor_group::motor_group()
 .text._ZN3vex11motor_groupD2Ev
                0x03807818        0x4 C:\Program Files (x86)\VEX Robotics\VEXcode Pro V5\sdk/vexv5\libv5rt.a(vex_motorgroup.cpp.obj)
                0x03807818                vex::motor_group::~motor_group()
                0x03807818                vex::motor_group::~motor_group()
 .text._ZN3vex11motor_group9_addMotorERNS_5motorE
                0x0380781c       0x20 C:\Program Files (x86)\VEX Robotics\VEXcode Pro V5\sdk/vexv5\libv5rt.a(vex_motorgroup.cpp.obj)
                0x0380781c                vex::motor_group::_addMotor(vex::motor&)
 .text._ZN3vex11motor_group11setVelocityEdNS_13velocityUnitsE
                0x0380783c       0x4c C:\Program Files (x86)\VEX Robotics\VEXcode Pro V5\sdk/vexv5\libv5rt.a(vex_motorgroup.cpp.obj)
                0x0380783c                vex::motor_group::setVelocity(double, vex::velocityUnits)
 .text._ZN3vex11motor_group11setStoppingENS_9brakeTypeE
                0x03807888       0x38 C:\Program Files (x86)\VEX Robotics\VEXcode Pro V5\sdk/vexv5\libv5rt.a(vex_motorgroup.cpp.obj)
                0x03807888                vex::motor_group::setStopping(vex::brakeType)
 .text._ZN3vex11motor_group4spinENS_13directionTypeEdNS_13velocityUnitsE
                0x038078c0       0x54 C:\Program Files (x86)\VEX Robotics\VEXcode Pro V5\sdk/vexv5\libv5rt.a(vex_motorgroup.cpp.obj)
                0x038078c0                vex::motor_group::spin(vex::directionType, double, vex::velocityUnits)
 .text._ZN3vex11motor_group4stopEv
                0x03807914       0x30 C:\Program Files (x86)\VEX Robotics\VEXcode Pro V5\sdk/vexv5\libv5rt.a(vex_motorgroup.cpp.obj)
                0x03807914                vex::motor_group::stop()
 .text._ZN3vex11motor_group8velocityENS_13velocityUnitsE
                0x03807944        0xc C:\Program Files (x86)\VEX Robotics\VEXcode Pro V5\sdk/vexv5\libv5rt.a(vex_motorgroup.cpp.obj)
                0x03807944                vex::motor_group::velocity(vex::velocityUnits)
 .text._ZN3vex11motor_group11temperatureENS_16temperatureUnitsE
                0x03807950        0xc C:\Program Files (x86)\VEX Robotics\VEXcode Pro V5\sdk/vexv5\libv5rt.a(vex_motorgroup.cpp.obj)
                0x03807950                vex::motor_group::temperature(vex::temperatureUnits)
 .text.vexAdiPortConfigSet
                0x0380795c       0x28 C:\Program Files (x86)\VEX Robotics\VEXcode Pro V5\sdk/vexv5\libv5rt.a(v5_apiuser.c.obj)
                0x0380795c                vexAdiPortConfigSet
 .text.vexAdiPortConfigGet
                0x03807984       0x28 C:\Program Files (x86)\VEX Robotics\VEXcode Pro V5\sdk/vexv5\libv5rt.a(v5_apiuser.c.obj)
                0x03807984                vexAdiPortConfigGet
 .text.vexAdiValueSet
                0x038079ac       0x28 C:\Program Files (x86)\VEX Robotics\VEXcode Pro V5\sdk/vexv5\libv5rt.a(v5_apiuser.c.obj)
                0x038079ac                vexAdiValueSet
 .text.vexAdiValueGet
                0x038079d4       0x20 C:\Program Files (x86)\VEX Robotics\VEXcode Pro V5\sdk/vexv5\libv5rt.a(v5_apiuser.c.obj)
                0x038079d4                vexAdiValueGet
 .text.vexMotorVelocitySet
                0x038079f4       0x20 C:\Program Files (x86)\VEX Robotics\VEXcode Pro V5\sdk/vexv5\libv5rt.a(v5_apiuser.c.obj)
                0x038079f4                vexMotorVelocitySet
 .text.vexMotorActualVelocityGet
                0x03807a14       0x24 C:\Program Files (x86)\VEX Robotics\VEXcode Pro V5\sdk/vexv5\libv5rt.a(v5_apiuser.c.obj)
                0x03807a14                vexMotorActualVelocityGet
 .text.vexMotorTemperatureGet
                0x03807a38       0x24 C:\Program Files (x86)\VEX Robotics\VEXcode Pro V5\sdk/vexv5\libv5rt.a(v5_apiuser.c.obj)
                0x03807a38                vexMotorTemperatureGet
 .text.vexMotorReverseFlagSet
                0x03807a5c       0x20 C:\Program Files (x86)\VEX Robotics\VEXcode Pro V5\sdk/vexv5\libv5rt.a(v5_apiuser.c.obj)
                0x03807a5c                vexMotorReverseFlagSet
 .text.vexMotorEncoderUnitsSet
                0x03807a7c       0x20 C:\Program Files (x86)\VEX Robotics\VEXcode Pro V5\sdk/vexv5\libv5rt.a(v5_apiuser.c.obj)
                0x03807a7c                vexMotorEncoderUnitsSet
 .text.vexMotorBrakeModeSet
                0x03807a9c       0x20 C:\Program Files (x86)\VEX Robotics\VEXcode Pro V5\sdk/vexv5\libv5rt.a(v5_apiuser.c.obj)
                0x03807a9c                vexMotorBrakeModeSet
 .text.vexMotorPositionSet
                0x03807abc       0x28 C:\Program Files (x86)\VEX Robotics\VEXcode Pro V5\sdk/vexv5\libv5rt.a(v5_apiuser.c.obj)
                0x03807abc                vexMotorPositionSet
 .text.vexMotorPositionGet
                0x03807ae4       0x24 C:\Program Files (x86)\VEX Robotics\VEXcode Pro V5\sdk/vexv5\libv5rt.a(v5_apiuser.c.obj)
                0x03807ae4                vexMotorPositionGet
 .text.vexMotorGearingSet
                0x03807b08       0x20 C:\Program Files (x86)\VEX Robotics\VEXcode Pro V5\sdk/vexv5\libv5rt.a(v5_apiuser.c.obj)
                0x03807b08                vexMotorGearingSet
 .text.vexMotorGearingGet
                0x03807b28       0x18 C:\Program Files (x86)\VEX Robotics\VEXcode Pro V5\sdk/vexv5\libv5rt.a(v5_apiuser.c.obj)
                0x03807b28                vexMotorGearingGet
 .text.vexImuReset
                0x03807b40       0x10 C:\Program Files (x86)\VEX Robotics\VEXcode Pro V5\sdk/vexv5\libv5rt.a(v5_apiuser.c.obj)
                0x03807b40                vexImuReset
 .text.vexImuHeadingGet
                0x03807b50       0x10 C:\Program Files (x86)\VEX Robotics\VEXcode Pro V5\sdk/vexv5\libv5rt.a(v5_apiuser.c.obj)
                0x03807b50                vexImuHeadingGet
 .text.vexImuDegreesGet
                0x03807b60       0x10 C:\Program Files (x86)\VEX Robotics\VEXcode Pro V5\sdk/vexv5\libv5rt.a(v5_apiuser.c.obj)
                0x03807b60                vexImuDegreesGet
 .text.vexImuStatusGet
                0x03807b70       0x10 C:\Program Files (x86)\VEX Robotics\VEXcode Pro V5\sdk/vexv5\libv5rt.a(v5_apiuser.c.obj)
                0x03807b70                vexImuStatusGet
 .text.vexOpticalHueGet
                0x03807b80       0x10 C:\Program Files (x86)\VEX Robotics\VEXcode Pro V5\sdk/vexv5\libv5rt.a(v5_apiuser.c.obj)
                0x03807b80                vexOpticalHueGet
 .text.vexOpticalGestureEnable
                0x03807b90       0x10 C:\Program Files (x86)\VEX Robotics\VEXcode Pro V5\sdk/vexv5\libv5rt.a(v5_apiuser.c.obj)
                0x03807b90                vexOpticalGestureEnable
 .text.vexOpticalGestureDisable
                0x03807ba0       0x10 C:\Program Files (x86)\VEX Robotics\VEXcode Pro V5\sdk/vexv5\libv5rt.a(v5_apiuser.c.obj)
                0x03807ba0                vexOpticalGestureDisable
 .text.vexOpticalProximityThreshold
                0x03807bb0       0x18 C:\Program Files (x86)\VEX Robotics\VEXcode Pro V5\sdk/vexv5\libv5rt.a(v5_apiuser.c.obj)
                0x03807bb0                vexOpticalProximityThreshold
 .text.vexDistanceDistanceGet
                0x03807bc8       0x10 C:\Program Files (x86)\VEX Robotics\VEXcode Pro V5\sdk/vexv5\libv5rt.a(v5_apiuser.c.obj)
                0x03807bc8                vexDistanceDistanceGet
 .text.vexEventMaskSet
                0x03807bd8       0x28 C:\Program Files (x86)\VEX Robotics\VEXcode Pro V5\sdk/vexv5\libv5rt.a(v5_apiuser.c.obj)
                0x03807bd8                vexEventMaskSet
 .text.vexEventMaskGet
                0x03807c00       0x18 C:\Program Files (x86)\VEX Robotics\VEXcode Pro V5\sdk/vexv5\libv5rt.a(v5_apiuser.c.obj)
                0x03807c00                vexEventMaskGet
 .text._ZN3vex6deviceD2Ev
                0x03807c18        0x4 C:\Program Files (x86)\VEX Robotics\VEXcode Pro V5\sdk/vexv5\libv5rt.a(vex_device.cpp.obj)
                0x03807c18                vex::device::~device()
                0x03807c18                vex::device::~device()
 .text._ZN3vex6device5valueEv
                0x03807c1c        0x8 C:\Program Files (x86)\VEX Robotics\VEXcode Pro V5\sdk/vexv5\libv5rt.a(vex_device.cpp.obj)
                0x03807c1c                vex::device::value()
 .text._ZN3vex6deviceD0Ev
                0x03807c24       0x14 C:\Program Files (x86)\VEX Robotics\VEXcode Pro V5\sdk/vexv5\libv5rt.a(vex_device.cpp.obj)
                0x03807c24                vex::device::~device()
 .text._ZN3vex6device4initEl
                0x03807c38       0x30 C:\Program Files (x86)\VEX Robotics\VEXcode Pro V5\sdk/vexv5\libv5rt.a(vex_device.cpp.obj)
                0x03807c38                vex::device::init(long)
 .text._ZN3vex6deviceC2El
                0x03807c68       0x20 C:\Program Files (x86)\VEX Robotics\VEXcode Pro V5\sdk/vexv5\libv5rt.a(vex_device.cpp.obj)
                0x03807c68                vex::device::device(long)
                0x03807c68                vex::device::device(long)
 .text._ZN3vex6device4typeEv
                0x03807c88       0x10 C:\Program Files (x86)\VEX Robotics\VEXcode Pro V5\sdk/vexv5\libv5rt.a(vex_device.cpp.obj)
                0x03807c88                vex::device::type()
 .text._ZN3vex6device9installedEv
                0x03807c98       0x14 C:\Program Files (x86)\VEX Robotics\VEXcode Pro V5\sdk/vexv5\libv5rt.a(vex_device.cpp.obj)
                0x03807c98                vex::device::installed()
 .text.__libc_fini_array
                0x03807cac       0x30 C:\Program Files (x86)\VEX Robotics\VEXcode Pro V5\sdk/vexv5/gcc/libs\libc.a(lib_a-fini.o)
                0x03807cac                __libc_fini_array
 .text.__libc_init_array
                0x03807cdc       0x58 C:\Program Files (x86)\VEX Robotics\VEXcode Pro V5\sdk/vexv5/gcc/libs\libc.a(lib_a-init.o)
                0x03807cdc                __libc_init_array
 *fill*         0x03807d34        0x4 
 .text.__libc_init_array.__stub
                0x03807d38       0x18 linker stubs
 *(.gnu.linkonce.t.*)
 *(.plt)
 *(.gnu_warning)
 *(.gcc_except_table)
 *(.glue_7)
 .glue_7        0x00000000        0x0 linker stubs
 *(.glue_7t)
 .glue_7t       0x00000000        0x0 linker stubs
 *(.vfp11_veneer)
 .vfp11_veneer  0x00000000        0x0 linker stubs
 *(.ARM.extab)
 *(.gnu.linkonce.armextab.*)

.v4_bx          0x03807d50        0x0
 .v4_bx         0x00000000        0x0 linker stubs

.iplt           0x03807d50        0x0
 .iplt          0x00000000        0x0 build/src/functions.o

.init
 *(.init)

.fini
 *(.fini)

.rodata         0x03807d50      0x434
                0x03807d50                __rodata_start = .
 *(.rodata)
 *(.rodata.*)
 .rodata.toDegrees
                0x03807d50        0x8 build/src/functions.o
                0x03807d50                toDegrees
 .rodata.str1.1
                0x03807d58       0x1e build/src/functions.o
 .rodata.str1.1
                0x03807d76       0x86 build/src/main.o
                                 0x8e (size before relaxing)
 .rodata.str1.1
                0x03807dfc      0x13d build/src/odom.o
 .rodata.str1.1
                0x03807f39       0x2e C:\Program Files (x86)\VEX Robotics\VEXcode Pro V5\sdk/vexv5\libv5rt.a(v5_startup.c.obj)
 *fill*         0x03807f67        0x1 
 .rodata._ZN3vex3fwdE
                0x03807f68        0x4 C:\Program Files (x86)\VEX Robotics\VEXcode Pro V5\sdk/vexv5\libv5rt.a(vex_global.cpp.obj)
                0x03807f68                vex::fwd
 .rodata._ZN3vex5PORT1E
                0x03807f6c        0x4 C:\Program Files (x86)\VEX Robotics\VEXcode Pro V5\sdk/vexv5\libv5rt.a(vex_global.cpp.obj)
                0x03807f6c                vex::PORT1
 .rodata._ZN3vex7reverseE
                0x03807f70        0x4 C:\Program Files (x86)\VEX Robotics\VEXcode Pro V5\sdk/vexv5\libv5rt.a(vex_global.cpp.obj)
                0x03807f70                vex::reverse
 .rodata._ZN3vex6PORT10E
                0x03807f74        0x4 C:\Program Files (x86)\VEX Robotics\VEXcode Pro V5\sdk/vexv5\libv5rt.a(vex_global.cpp.obj)
                0x03807f74                vex::PORT10
 .rodata._ZN3vex5PORT5E
                0x03807f78        0x4 C:\Program Files (x86)\VEX Robotics\VEXcode Pro V5\sdk/vexv5\libv5rt.a(vex_global.cpp.obj)
                0x03807f78                vex::PORT5
 .rodata._ZN3vex7forwardE
                0x03807f7c        0x4 C:\Program Files (x86)\VEX Robotics\VEXcode Pro V5\sdk/vexv5\libv5rt.a(vex_global.cpp.obj)
                0x03807f7c                vex::forward
 .rodata._ZN3vex5whiteE
                0x03807f80        0x4 C:\Program Files (x86)\VEX Robotics\VEXcode Pro V5\sdk/vexv5\libv5rt.a(vex_global.cpp.obj)
                0x03807f80                vex::white
 .rodata._ZN3vex3pctE
                0x03807f84        0x4 C:\Program Files (x86)\VEX Robotics\VEXcode Pro V5\sdk/vexv5\libv5rt.a(vex_global.cpp.obj)
                0x03807f84                vex::pct
 .rodata._ZN3vex3secE
                0x03807f88        0x4 C:\Program Files (x86)\VEX Robotics\VEXcode Pro V5\sdk/vexv5\libv5rt.a(vex_global.cpp.obj)
                0x03807f88                vex::sec
 .rodata._ZN3vex3redE
                0x03807f8c        0x4 C:\Program Files (x86)\VEX Robotics\VEXcode Pro V5\sdk/vexv5\libv5rt.a(vex_global.cpp.obj)
                0x03807f8c                vex::red
 .rodata._ZN3vex5blackE
                0x03807f90        0x4 C:\Program Files (x86)\VEX Robotics\VEXcode Pro V5\sdk/vexv5\libv5rt.a(vex_global.cpp.obj)
                0x03807f90                vex::black
 .rodata._ZN3vex4msecE
                0x03807f94        0x4 C:\Program Files (x86)\VEX Robotics\VEXcode Pro V5\sdk/vexv5\libv5rt.a(vex_global.cpp.obj)
                0x03807f94                vex::msec
 .rodata._ZN3vex4blueE
                0x03807f98        0x4 C:\Program Files (x86)\VEX Robotics\VEXcode Pro V5\sdk/vexv5\libv5rt.a(vex_global.cpp.obj)
                0x03807f98                vex::blue
 .rodata._ZN3vex5PORT9E
                0x03807f9c        0x4 C:\Program Files (x86)\VEX Robotics\VEXcode Pro V5\sdk/vexv5\libv5rt.a(vex_global.cpp.obj)
                0x03807f9c                vex::PORT9
 .rodata._ZN3vex5PORT2E
                0x03807fa0        0x4 C:\Program Files (x86)\VEX Robotics\VEXcode Pro V5\sdk/vexv5\libv5rt.a(vex_global.cpp.obj)
                0x03807fa0                vex::PORT2
 .rodata._ZN3vex3rpmE
                0x03807fa4        0x4 C:\Program Files (x86)\VEX Robotics\VEXcode Pro V5\sdk/vexv5\libv5rt.a(vex_global.cpp.obj)
                0x03807fa4                vex::rpm
 .rodata._ZN3vex6PORT11E
                0x03807fa8        0x4 C:\Program Files (x86)\VEX Robotics\VEXcode Pro V5\sdk/vexv5\libv5rt.a(vex_global.cpp.obj)
                0x03807fa8                vex::PORT11
 .rodata._ZN3vex5PORT6E
                0x03807fac        0x4 C:\Program Files (x86)\VEX Robotics\VEXcode Pro V5\sdk/vexv5\libv5rt.a(vex_global.cpp.obj)
                0x03807fac                vex::PORT6
 .rodata._ZN3vex7primaryE
                0x03807fb0        0x4 C:\Program Files (x86)\VEX Robotics\VEXcode Pro V5\sdk/vexv5\libv5rt.a(vex_global.cpp.obj)
                0x03807fb0                vex::primary
 .rodata._ZN3vex3degE
                0x03807fb4        0x4 C:\Program Files (x86)\VEX Robotics\VEXcode Pro V5\sdk/vexv5\libv5rt.a(vex_global.cpp.obj)
                0x03807fb4                vex::deg
 .rodata._ZN3vex7percentE
                0x03807fb8        0x4 C:\Program Files (x86)\VEX Robotics\VEXcode Pro V5\sdk/vexv5\libv5rt.a(vex_global.cpp.obj)
                0x03807fb8                vex::percent
 .rodata._ZN3vex6PORT15E
                0x03807fbc        0x4 C:\Program Files (x86)\VEX Robotics\VEXcode Pro V5\sdk/vexv5\libv5rt.a(vex_global.cpp.obj)
                0x03807fbc                vex::PORT15
 .rodata._ZN3vex7degreesE
                0x03807fc0        0x4 C:\Program Files (x86)\VEX Robotics\VEXcode Pro V5\sdk/vexv5\libv5rt.a(vex_global.cpp.obj)
                0x03807fc0                vex::degrees
 .rodata._ZN3vex6PORT22E
                0x03807fc4        0x4 C:\Program Files (x86)\VEX Robotics\VEXcode Pro V5\sdk/vexv5\libv5rt.a(vex_global.cpp.obj)
                0x03807fc4                vex::PORT22
 .rodata._ZN3vex7celsiusE
                0x03807fc8        0x4 C:\Program Files (x86)\VEX Robotics\VEXcode Pro V5\sdk/vexv5\libv5rt.a(vex_global.cpp.obj)
                0x03807fc8                vex::celsius
 .rodata._ZN3vex4holdE
                0x03807fcc        0x4 C:\Program Files (x86)\VEX Robotics\VEXcode Pro V5\sdk/vexv5\libv5rt.a(vex_global.cpp.obj)
                0x03807fcc                vex::hold
 .rodata._ZN3vex6PORT12E
                0x03807fd0        0x4 C:\Program Files (x86)\VEX Robotics\VEXcode Pro V5\sdk/vexv5\libv5rt.a(vex_global.cpp.obj)
                0x03807fd0                vex::PORT12
 .rodata._ZN3vex5PORT7E
                0x03807fd4        0x4 C:\Program Files (x86)\VEX Robotics\VEXcode Pro V5\sdk/vexv5\libv5rt.a(vex_global.cpp.obj)
                0x03807fd4                vex::PORT7
 .rodata._ZN3vex8ratio6_1E
                0x03807fd8        0x4 C:\Program Files (x86)\VEX Robotics\VEXcode Pro V5\sdk/vexv5\libv5rt.a(vex_global.cpp.obj)
                0x03807fd8                vex::ratio6_1
 .rodata._ZN3vex2mmE
                0x03807fdc        0x4 C:\Program Files (x86)\VEX Robotics\VEXcode Pro V5\sdk/vexv5\libv5rt.a(vex_global.cpp.obj)
                0x03807fdc                vex::mm
 .rodata._ZN3vex5PORT4E
                0x03807fe0        0x4 C:\Program Files (x86)\VEX Robotics\VEXcode Pro V5\sdk/vexv5\libv5rt.a(vex_global.cpp.obj)
                0x03807fe0                vex::PORT4
 .rodata._ZN3vex6PORT13E
                0x03807fe4        0x4 C:\Program Files (x86)\VEX Robotics\VEXcode Pro V5\sdk/vexv5\libv5rt.a(vex_global.cpp.obj)
                0x03807fe4                vex::PORT13
 .rodata._ZN3vex9ratio18_1E
                0x03807fe8        0x4 C:\Program Files (x86)\VEX Robotics\VEXcode Pro V5\sdk/vexv5\libv5rt.a(vex_global.cpp.obj)
                0x03807fe8                vex::ratio18_1
 .rodata._ZN3vex7secondsE
                0x03807fec        0x4 C:\Program Files (x86)\VEX Robotics\VEXcode Pro V5\sdk/vexv5\libv5rt.a(vex_global.cpp.obj)
                0x03807fec                vex::seconds
 .rodata._ZTVN3vex5motorE
                0x03807ff0       0x18 C:\Program Files (x86)\VEX Robotics\VEXcode Pro V5\sdk/vexv5\libv5rt.a(vex_motor.cpp.obj)
                0x03807ff0                vtable for vex::motor
 .rodata._ZTVN3vex8inertialE
                0x03808008       0x68 C:\Program Files (x86)\VEX Robotics\VEXcode Pro V5\sdk/vexv5\libv5rt.a(vex_imu.cpp.obj)
                0x03808008                vtable for vex::inertial
 .rodata._ZTVN3vex7opticalE
                0x03808070       0x18 C:\Program Files (x86)\VEX Robotics\VEXcode Pro V5\sdk/vexv5\libv5rt.a(vex_optical.cpp.obj)
                0x03808070                vtable for vex::optical
 .rodata._ZTVN3vex8distanceE
                0x03808088       0x18 C:\Program Files (x86)\VEX Robotics\VEXcode Pro V5\sdk/vexv5\libv5rt.a(vex_distance.cpp.obj)
                0x03808088                vtable for vex::distance
 .rodata.str1.1
                0x038080a0       0x1f C:\Program Files (x86)\VEX Robotics\VEXcode Pro V5\sdk/vexv5\libv5rt.a(vex_controller.cpp.obj)
                                 0x20 (size before relaxing)
 .rodata.CSWTCH.16
                0x038080bf        0xb C:\Program Files (x86)\VEX Robotics\VEXcode Pro V5\sdk/vexv5\libv5rt.a(vex_controller.cpp.obj)
 .rodata.CSWTCH.18
                0x038080ca        0xb C:\Program Files (x86)\VEX Robotics\VEXcode Pro V5\sdk/vexv5\libv5rt.a(vex_controller.cpp.obj)
 .rodata.CSWTCH.24
                0x038080d5        0x3 C:\Program Files (x86)\VEX Robotics\VEXcode Pro V5\sdk/vexv5\libv5rt.a(vex_controller.cpp.obj)
 .rodata.str1.1
                0x038080d8       0x14 C:\Program Files (x86)\VEX Robotics\VEXcode Pro V5\sdk/vexv5\libv5rt.a(vex_task.cpp.obj)
 .rodata.str1.1
                0x038080ec       0x14 C:\Program Files (x86)\VEX Robotics\VEXcode Pro V5\sdk/vexv5\libv5rt.a(vex_thread.cpp.obj)
 .rodata.str1.1
                0x03808100       0x2d C:\Program Files (x86)\VEX Robotics\VEXcode Pro V5\sdk/vexv5\libv5rt.a(vex_brain.cpp.obj)
 .rodata.CSWTCH.36
                0x0380812d       0x10 C:\Program Files (x86)\VEX Robotics\VEXcode Pro V5\sdk/vexv5\libv5rt.a(vex_triport.cpp.obj)
 *fill*         0x0380813d        0x3 
 .rodata._ZTVN3vex7triportE
                0x03808140       0x18 C:\Program Files (x86)\VEX Robotics\VEXcode Pro V5\sdk/vexv5\libv5rt.a(vex_triport.cpp.obj)
                0x03808140                vtable for vex::triport
 .rodata.CSWTCH.31
                0x03808158        0xe C:\Program Files (x86)\VEX Robotics\VEXcode Pro V5\sdk/vexv5\libv5rt.a(vex_triport.cpp.obj)
 *fill*         0x03808166        0x2 
 .rodata._ZTVN3vex6deviceE
                0x03808168       0x18 C:\Program Files (x86)\VEX Robotics\VEXcode Pro V5\sdk/vexv5\libv5rt.a(vex_device.cpp.obj)
                0x03808168                vtable for vex::device
 .rodata.str1.4
                0x03808180        0x4 C:\Program Files (x86)\VEX Robotics\VEXcode Pro V5\sdk/vexv5/gcc/libs\libc.a(lib_a-impure.o)
                                  0x2 (size before relaxing)
 *(.gnu.linkonce.r.*)
                0x03808184                __rodata_end = .

.rodata1        0x03808184        0x0
                0x03808184                __rodata1_start = .
 *(.rodata1)
 *(.rodata1.*)
                0x03808184                __rodata1_end = .

.sdata2         0x03808184        0x0
                0x03808184                __sdata2_start = .
 *(.sdata2)
 *(.sdata2.*)
 *(.gnu.linkonce.s2.*)
                0x03808184                __sdata2_end = .

.sbss2          0x03808184        0x0
                0x03808184                __sbss2_start = .
 *(.sbss2)
 *(.sbss2.*)
 *(.gnu.linkonce.sb2.*)
                0x03808184                __sbss2_end = .

.data           0x03808188      0x43c
                0x03808188                __data_start = .
 *(.data)
 *(.data.*)
 .data.enableDrivePID
                0x03808188        0x1 build/src/main.o
                0x03808188                enableDrivePID
 *fill*         0x03808189        0x3 
 .data.appRunning
                0x0380818c        0x4 C:\Program Files (x86)\VEX Robotics\VEXcode Pro V5\sdk/vexv5\libv5rt.a(v5_startup.c.obj)
                0x0380818c                appRunning
 .data.__yoff   0x03808190        0x4 C:\Program Files (x86)\VEX Robotics\VEXcode Pro V5\sdk/vexv5\libv5rt.a(v5_apijump.c.obj)
 .data._ZN3vex24__default_motor_velocityE
                0x03808194        0x4 C:\Program Files (x86)\VEX Robotics\VEXcode Pro V5\sdk/vexv5\libv5rt.a(vex_motor.cpp.obj)
                0x03808194                vex::__default_motor_velocity
 .data.impure_data
                0x03808198      0x428 C:\Program Files (x86)\VEX Robotics\VEXcode Pro V5\sdk/vexv5/gcc/libs\libc.a(lib_a-impure.o)
 .data._impure_ptr
                0x038085c0        0x4 C:\Program Files (x86)\VEX Robotics\VEXcode Pro V5\sdk/vexv5/gcc/libs\libc.a(lib_a-impure.o)
                0x038085c0                _impure_ptr
 *(.gnu.linkonce.d.*)
 *(.jcr)
 *(.got)
 *(.got.plt)
                0x038085c4                __data_end = .

.igot.plt       0x038085c4        0x0
 .igot.plt      0x00000000        0x0 build/src/functions.o

.data1          0x038085c4        0x0
                0x038085c4                __data1_start = .
 *(.data1)
 *(.data1.*)
                0x038085c4                __data1_end = .

.got
 *(.got)

.ctors          0x038085c4        0x0
                0x038085c4                __CTOR_LIST__ = .
                0x038085c4                ___CTORS_LIST___ = .
 *crtbegin.o(.ctors)
 *(EXCLUDE_FILE(*crtend.o) .ctors)
 *(SORT(.ctors.*))
 *(.ctors)
                0x038085c4                __CTOR_END__ = .
                0x038085c4                ___CTORS_END___ = .

.dtors          0x038085c4        0x0
                0x038085c4                __DTOR_LIST__ = .
                0x038085c4                ___DTORS_LIST___ = .
 *crtbegin.o(.dtors)
 *(EXCLUDE_FILE(*crtend.o) .dtors)
 *(SORT(.dtors.*))
 *(.dtors)
                0x038085c4                __DTOR_END__ = .
                0x038085c4                ___DTORS_END___ = .

.fixup          0x038085c4        0x0
                0x038085c4                __fixup_start = .
 *(.fixup)
                0x038085c4                __fixup_end = .

.eh_frame
 *(.eh_frame)

.eh_framehdr    0x038085c4        0x0
                0x038085c4                __eh_framehdr_start = .
 *(.eh_framehdr)
                0x038085c4                __eh_framehdr_end = .

.gcc_except_table
 *(.gcc_except_table)

.mmu_tbl        0x0380c000        0x0
                0x0380c000                __mmu_tbl_start = .
 *(.mmu_tbl)
                0x0380c000                __mmu_tbl_end = .

.ARM.exidx      0x038085c4        0x8
                0x038085c4                __exidx_start = .
 *(.ARM.exidx*)
 .ARM.exidx.text._Z15getRightReadingv
                0x038085c4        0x8 build/src/functions.o
 .ARM.exidx.text._Z14getLeftReadingv
                0x038085cc        0x0 build/src/functions.o
                                  0x8 (size before relaxing)
 .ARM.exidx.text._Z18resetTotalDistancev
                0x038085cc        0x0 build/src/functions.o
                                  0x8 (size before relaxing)
 .ARM.exidx.text._Z14getRotationDegv
                0x038085cc        0x0 build/src/functions.o
                                  0x8 (size before relaxing)
 .ARM.exidx.text._Z14getRotationRadv
                0x038085cc        0x0 build/src/functions.o
                                  0x8 (size before relaxing)
 .ARM.exidx.text._Z11setLeftBased
                0x038085cc        0x0 build/src/functions.o
                                  0x8 (size before relaxing)
 .ARM.exidx.text._Z12setRightBased
                0x038085cc        0x0 build/src/functions.o
                                  0x8 (size before relaxing)
 .ARM.exidx.text._Z8stopBasev
                0x038085cc        0x0 build/src/functions.o
                                  0x8 (size before relaxing)
 .ARM.exidx.text._Z12turnPIDCycledd
                0x038085cc        0x0 build/src/functions.o
                                  0x8 (size before relaxing)
 .ARM.exidx.text._Z7turnPIDddi
                0x038085cc        0x0 build/src/functions.o
                                  0x8 (size before relaxing)
 .ARM.exidx.text._Z11forwardAxisv
                0x038085cc        0x0 build/src/main.o
                                  0x8 (size before relaxing)
 .ARM.exidx.text._Z11RollerMecchv
                0x038085cc        0x0 build/src/main.o
                                  0x8 (size before relaxing)
 .ARM.exidx.text._Z10botInDiscsv
                0x038085cc        0x0 build/src/main.o
                                  0x8 (size before relaxing)
 .ARM.exidx.text._Z2TRf
                0x038085cc        0x0 build/src/main.o
                                  0x8 (size before relaxing)
 .ARM.exidx.text._Z2TLf
                0x038085cc        0x0 build/src/main.o
                                  0x8 (size before relaxing)
 .ARM.exidx.text._Z2DFfi
                0x038085cc        0x0 build/src/main.o
                                  0x8 (size before relaxing)
 .ARM.exidx.text._Z2DRf
                0x038085cc        0x0 build/src/main.o
                                  0x8 (size before relaxing)
 .ARM.exidx.text._Z2SRf
                0x038085cc        0x0 build/src/main.o
                                  0x8 (size before relaxing)
 .ARM.exidx.text._Z3STRf
                0x038085cc        0x0 build/src/main.o
                                  0x8 (size before relaxing)
 .ARM.exidx.text._Z3STLf
                0x038085cc        0x0 build/src/main.o
                                  0x8 (size before relaxing)
 .ARM.exidx.text._Z10RollerMechv
                0x038085cc        0x0 build/src/main.o
                                  0x8 (size before relaxing)
 .ARM.exidx.text._Z10shootdiscsii
                0x038085cc        0x0 build/src/main.o
                                  0x8 (size before relaxing)
 .ARM.exidx.text._Z15backgroundTasksv
                0x038085cc        0x0 build/src/main.o
                                  0x8 (size before relaxing)
 .ARM.exidx.text._Z9pre_autonv
                0x038085cc        0x0 build/src/main.o
                                  0x8 (size before relaxing)
 .ARM.exidx.text._ZN3gui17thatthingyoupressC2Eii
                0x038085cc        0x0 build/src/main.o
                                  0x8 (size before relaxing)
 .ARM.exidx.text._ZN3gui17thatthingyoupress7pressedEv
                0x038085cc        0x0 build/src/main.o
                                  0x8 (size before relaxing)
 .ARM.exidx.text._Z10autonomousv
                0x038085cc        0x0 build/src/main.o
                                  0x8 (size before relaxing)
 .ARM.exidx.text._Z11usercontrolv
                0x038085cc        0x0 build/src/main.o
                                  0x8 (size before relaxing)
 .ARM.exidx.text.main
                0x038085cc        0x0 build/src/main.o
                                  0x8 (size before relaxing)
 .ARM.exidx.text._GLOBAL__sub_I_main.cpp
                0x038085cc        0x0 build/src/main.o
                                  0x8 (size before relaxing)
 .ARM.exidx.text._Z14setStartingPosff
                0x038085cc        0x0 build/src/odom.o
                                  0x8 (size before relaxing)
 .ARM.exidx.text._Z9angleWrapd
                0x038085cc        0x0 build/src/odom.o
                                  0x8 (size before relaxing)
 .ARM.exidx.text._Z13getDegToPointdd
                0x038085cc        0x0 build/src/odom.o
                                  0x8 (size before relaxing)